Component: ARM Compiler 5.06 update 5 (build 528) Tool: armlink [4d35e2]

==============================================================================

Section Cross References

    startup_stm32f407xx.o(STACK) refers (Special) to heapauxi.o(.text) for __use_two_region_memory
    startup_stm32f407xx.o(HEAP) refers (Special) to heapauxi.o(.text) for __use_two_region_memory
    startup_stm32f407xx.o(RESET) refers (Special) to heapauxi.o(.text) for __use_two_region_memory
    startup_stm32f407xx.o(RESET) refers to startup_stm32f407xx.o(STACK) for __initial_sp
    startup_stm32f407xx.o(RESET) refers to startup_stm32f407xx.o(.text) for Reset_Handler
    startup_stm32f407xx.o(RESET) refers to stm32f4xx_it.o(i.NMI_Handler) for NMI_Handler
    startup_stm32f407xx.o(RESET) refers to stm32f4xx_it.o(i.HardFault_Handler) for HardFault_Handler
    startup_stm32f407xx.o(RESET) refers to stm32f4xx_it.o(i.MemManage_Handler) for MemManage_Handler
    startup_stm32f407xx.o(RESET) refers to stm32f4xx_it.o(i.BusFault_Handler) for BusFault_Handler
    startup_stm32f407xx.o(RESET) refers to stm32f4xx_it.o(i.UsageFault_Handler) for UsageFault_Handler
    startup_stm32f407xx.o(RESET) refers to stm32f4xx_it.o(i.SVC_Handler) for SVC_Handler
    startup_stm32f407xx.o(RESET) refers to stm32f4xx_it.o(i.DebugMon_Handler) for DebugMon_Handler
    startup_stm32f407xx.o(RESET) refers to stm32f4xx_it.o(i.PendSV_Handler) for PendSV_Handler
    startup_stm32f407xx.o(RESET) refers to stm32f4xx_it.o(i.SysTick_Handler) for SysTick_Handler
    startup_stm32f407xx.o(RESET) refers to stm32f4xx_it.o(i.CAN1_TX_IRQHandler) for CAN1_TX_IRQHandler
    startup_stm32f407xx.o(RESET) refers to stm32f4xx_it.o(i.CAN1_RX0_IRQHandler) for CAN1_RX0_IRQHandler
    startup_stm32f407xx.o(RESET) refers to stm32f4xx_it.o(i.CAN1_RX1_IRQHandler) for CAN1_RX1_IRQHandler
    startup_stm32f407xx.o(RESET) refers to stm32f4xx_it.o(i.CAN1_SCE_IRQHandler) for CAN1_SCE_IRQHandler
    startup_stm32f407xx.o(RESET) refers to stm32f4xx_it.o(i.CAN2_TX_IRQHandler) for CAN2_TX_IRQHandler
    startup_stm32f407xx.o(RESET) refers to stm32f4xx_it.o(i.CAN2_RX0_IRQHandler) for CAN2_RX0_IRQHandler
    startup_stm32f407xx.o(RESET) refers to stm32f4xx_it.o(i.CAN2_RX1_IRQHandler) for CAN2_RX1_IRQHandler
    startup_stm32f407xx.o(RESET) refers to stm32f4xx_it.o(i.CAN2_SCE_IRQHandler) for CAN2_SCE_IRQHandler
    startup_stm32f407xx.o(.text) refers (Special) to heapauxi.o(.text) for __use_two_region_memory
    startup_stm32f407xx.o(.text) refers to system_stm32f4xx.o(i.SystemInit) for SystemInit
    startup_stm32f407xx.o(.text) refers to __main.o(!!!main) for __main
    startup_stm32f407xx.o(.text) refers to startup_stm32f407xx.o(HEAP) for Heap_Mem
    startup_stm32f407xx.o(.text) refers to startup_stm32f407xx.o(STACK) for Stack_Mem
    main.o(i.MX_GPIO_Init) refers to rt_memclr_w.o(.text) for __aeabi_memclr4
    main.o(i.MX_GPIO_Init) refers to stm32f4xx_hal_gpio.o(i.HAL_GPIO_WritePin) for HAL_GPIO_WritePin
    main.o(i.MX_GPIO_Init) refers to stm32f4xx_hal_gpio.o(i.HAL_GPIO_Init) for HAL_GPIO_Init
    main.o(i.MX_SPI1_Init) refers to stm32f4xx_hal_spi.o(i.HAL_SPI_Init) for HAL_SPI_Init
    main.o(i.MX_SPI1_Init) refers to app.o(.bss) for hspi1
    main.o(i.MX_USART1_UART_Init) refers to stm32f4xx_hal_uart.o(i.HAL_UART_Init) for HAL_UART_Init
    main.o(i.MX_USART1_UART_Init) refers to app.o(.bss) for huart1
    main.o(i.MX_USART2_UART_Init) refers to stm32f4xx_hal_uart.o(i.HAL_UART_Init) for HAL_UART_Init
    main.o(i.MX_USART2_UART_Init) refers to app.o(.bss) for huart2
    main.o(i.MX_USART3_UART_Init) refers to stm32f4xx_hal_uart.o(i.HAL_UART_Init) for HAL_UART_Init
    main.o(i.MX_USART3_UART_Init) refers to app.o(.bss) for huart3
    main.o(i.SystemClock_Config) refers to rt_memclr_w.o(.text) for __aeabi_memclr4
    main.o(i.SystemClock_Config) refers to stm32f4xx_hal_rcc.o(i.HAL_RCC_OscConfig) for HAL_RCC_OscConfig
    main.o(i.SystemClock_Config) refers to rt_memcpy_w.o(.text) for __aeabi_memcpy4
    main.o(i.SystemClock_Config) refers to stm32f4xx_hal_rcc.o(i.HAL_RCC_ClockConfig) for HAL_RCC_ClockConfig
    main.o(i.SystemClock_Config) refers to system_stm32f4xx.o(i.SystemCoreClockUpdate) for SystemCoreClockUpdate
    main.o(i.SystemClock_Config) refers to main.o(.constdata) for .constdata
    main.o(i.main) refers to app.o(i.App_Main) for App_Main
    stm32f4xx_it.o(i.CAN1_RX0_IRQHandler) refers to stm32f4xx_hal_can.o(i.HAL_CAN_IRQHandler) for HAL_CAN_IRQHandler
    stm32f4xx_it.o(i.CAN1_RX0_IRQHandler) refers to can.o(.bss) for hcan1
    stm32f4xx_it.o(i.CAN1_RX1_IRQHandler) refers to stm32f4xx_hal_can.o(i.HAL_CAN_IRQHandler) for HAL_CAN_IRQHandler
    stm32f4xx_it.o(i.CAN1_RX1_IRQHandler) refers to can.o(.bss) for hcan1
    stm32f4xx_it.o(i.CAN1_SCE_IRQHandler) refers to stm32f4xx_hal_can.o(i.HAL_CAN_IRQHandler) for HAL_CAN_IRQHandler
    stm32f4xx_it.o(i.CAN1_SCE_IRQHandler) refers to can.o(.bss) for hcan1
[...]
    STACK                                    0x20000d80   Section     8192  startup_stm32f407xx.o(STACK)
    Stack_Mem                                0x20000d80   Data        8192  startup_stm32f407xx.o(STACK)
    __initial_sp                             0x20002d80   Data           0  startup_stm32f407xx.o(STACK)

    Global Symbols

    Symbol Name                              Value     Ov Type        Size  Object(Section)

    BuildAttributes$$THM_ISAv4$E$P$D$K$B$S$7EM$VFPi3$EXTD16$VFPS$VFMA$PE$A:L22UL41UL21$X:L11$S22US41US21$IEEE1$IW$USESV6$~STKCKD$USESV7$~SHL$OTIME$ROPI$IEEEJ$EBA8$UX$STANDARDLIB$REQ8$PRES8$EABIv2 0x00000000   Number         0  anon$$obj.o ABSOLUTE
    __ARM_use_no_argv                        0x00000000   Number         0  main.o ABSOLUTE
    _printf_flags                            0x00000000   Number         0  printf_stubs.o ABSOLUTE
    _printf_return_value                     0x00000000   Number         0  printf_stubs.o ABSOLUTE
    _printf_sizespec                         0x00000000   Number         0  printf_stubs.o ABSOLUTE
    _printf_widthprec                        0x00000000   Number         0  printf_stubs.o ABSOLUTE
    __ARM_exceptions_init                     - Undefined Weak Reference
    __alloca_initialize                       - Undefined Weak Reference
    __arm_preinit_                            - Undefined Weak Reference
    __cpp_initialize__aeabi_                  - Undefined Weak Reference
    __cxa_finalize                            - Undefined Weak Reference
    __sigvec_lookup                           - Undefined Weak Reference
    _atexit_init                              - Undefined Weak Reference
    _call_atexit_fns                          - Undefined Weak Reference
    _clock_init                               - Undefined Weak Reference
    _fp_trap_init                             - Undefined Weak Reference
    _fp_trap_shutdown                         - Undefined Weak Reference
    _get_lc_collate                           - Undefined Weak Reference
    _get_lc_monetary                          - Undefined Weak Reference
    _get_lc_time                              - Undefined Weak Reference
    _getenv_init                              - Undefined Weak Reference
    _handle_redirection                       - Undefined Weak Reference
    _init_alloc                               - Undefined Weak Reference
    _init_user_alloc                          - Undefined Weak Reference
    _initio                                   - Undefined Weak Reference
    _printf_mbtowc                            - Undefined Weak Reference
    _printf_wc                                - Undefined Weak Reference
    _rand_init                                - Undefined Weak Reference
    _signal_finish                            - Undefined Weak Reference
    _signal_init                              - Undefined Weak Reference
    _terminate_alloc                          - Undefined Weak Reference
    _terminate_user_alloc                     - Undefined Weak Reference
    _terminateio                              - Undefined Weak Reference
    __Vectors_Size                           0x00000188   Number         0  startup_stm32f407xx.o ABSOLUTE
    __Vectors                                0x08000000   Data           4  startup_stm32f407xx.o(RESET)
    __Vectors_End                            0x08000188   Data           0  startup_stm32f407xx.o(RESET)
    __main                                   0x08000189   Thumb Code     8  __main.o(!!!main)
    __scatterload                            0x08000191   Thumb Code     0  __scatter.o(!!!scatter)
    __scatterload_rt2                        0x08000191   Thumb Code    44  __scatter.o(!!!scatter)
    __scatterload_rt2_thumb_only             0x08000191   Thumb Code     0  __scatter.o(!!!scatter)
    __scatterload_null                       0x0800019f   Thumb Code     0  __scatter.o(!!!scatter)
    __scatterload_copy                       0x080001c5   Thumb Code    26  __scatter_copy.o(!!handler_copy)
    __scatterload_zeroinit                   0x080001e1   Thumb Code    28  __scatter_zi.o(!!handler_zi)
    _printf_n                                0x080001fd   Thumb Code     0  _printf_n.o(.ARM.Collect$$_printf_percent$$00000001)
    _printf_percent                          0x080001fd   Thumb Code     0  _printf_percent.o(.ARM.Collect$$_printf_percent$$00000000)
    _printf_p                                0x08000203   Thumb Code     0  _printf_p.o(.ARM.Collect$$_printf_percent$$00000002)
    _printf_f                                0x08000209   Thumb Code     0  _printf_f.o(.ARM.Collect$$_printf_percent$$00000003)
    _printf_e                                0x0800020f   Thumb Code     0  _printf_e.o(.ARM.Collect$$_printf_percent$$00000004)
    _printf_g                                0x08000215   Thumb Code     0  _printf_g.o(.ARM.Collect$$_printf_percent$$00000005)
    _printf_a                                0x0800021b   Thumb Code     0  _printf_a.o(.ARM.Collect$$_printf_percent$$00000006)
    _printf_ll                               0x08000221   Thumb Code     0  _printf_ll.o(.ARM.Collect$$_printf_percent$$00000007)
    _printf_i                                0x0800022b   Thumb Code     0  _printf_i.o(.ARM.Collect$$_printf_percent$$00000008)
    _printf_d                                0x08000231   Thumb Code     0  _printf_d.o(.ARM.Collect$$_printf_percent$$00000009)
    _printf_u                                0x08000237   Thumb Code     0  _printf_u.o(.ARM.Collect$$_printf_percent$$0000000A)
    _printf_o                                0x0800023d   Thumb Code     0  _printf_o.o(.ARM.Collect$$_printf_percent$$0000000B)
    _printf_x                                0x08000243   Thumb Code     0  _printf_x.o(.ARM.Collect$$_printf_percent$$0000000C)
    _printf_lli                              0x08000249   Thumb Code     0  _printf_lli.o(.ARM.Collect$$_printf_percent$$0000000D)
    _printf_lld                              0x0800024f   Thumb Code     0  _printf_lld.o(.ARM.Collect$$_printf_percent$$0000000E)
    _printf_llu                              0x08000255   Thumb Code     0  _printf_llu.o(.ARM.Collect$$_printf_percent$$0000000F)
    _printf_llo                              0x0800025b   Thumb Code     0  _printf_llo.o(.ARM.Collect$$_printf_percent$$00000010)
    _printf_llx                              0x08000261   Thumb Code     0  _printf_llx.o(.ARM.Collect$$_printf_percent$$00000011)
    _printf_l                                0x08000267   Thumb Code     0  _printf_l.o(.ARM.Collect$$_printf_percent$$00000012)
    _printf_c                                0x08000271   Thumb Code     0  _printf_c.o(.ARM.Collect$$_printf_percent$$00000013)
    _printf_s                                0x08000277   Thumb Code     0  _printf_s.o(.ARM.Collect$$_printf_percent$$00000014)
    _printf_lc                               0x0800027d   Thumb Code     0  _printf_lc.o(.ARM.Collect$$_printf_percent$$00000015)
    _printf_ls                               0x08000283   Thumb Code     0  _printf_ls.o(.ARM.Collect$$_printf_percent$$00000016)
    _printf_percent_end                      0x08000289   Thumb Code     0  _printf_percent_end.o(.ARM.Collect$$_printf_percent$$00000017)
    __rt_lib_init                            0x0800028d   Thumb Code     0  libinit.o(.ARM.Collect$$libinit$$00000000)
    __rt_lib_init_fp_1                       0x0800028f   Thumb Code     0  libinit2.o(.ARM.Collect$$libinit$$00000001)
    __rt_lib_init_heap_1                     0x08000293   Thumb Code     0  libinit2.o(.ARM.Collect$$libinit$$0000000A)
    __rt_lib_init_lc_common                  0x08000293   Thumb Code     0  libinit2.o(.ARM.Collect$$libinit$$0000000F)
    __rt_lib_init_preinit_1                  0x08000293   Thumb Code     0  libinit2.o(.ARM.Collect$$libinit$$00000004)
    __rt_lib_init_rand_1                     0x08000293   Thumb Code     0  libinit2.o(.ARM.Collect$$libinit$$0000000E)
    __rt_lib_init_user_alloc_1               0x08000293   Thumb Code     0  libinit2.o(.ARM.Collect$$libinit$$0000000C)
    __rt_lib_init_lc_collate_1               0x08000299   Thumb Code     0  libinit2.o(.ARM.Collect$$libinit$$00000011)
    __rt_lib_init_lc_ctype_2                 0x08000299   Thumb Code     0  libinit2.o(.ARM.Collect$$libinit$$00000012)
    __rt_lib_init_lc_ctype_1                 0x080002a5   Thumb Code     0  libinit2.o(.ARM.Collect$$libinit$$00000013)
    __rt_lib_init_lc_monetary_1              0x080002a5   Thumb Code     0  libinit2.o(.ARM.Collect$$libinit$$00000015)
    __rt_lib_init_lc_numeric_2               0x080002a5   Thumb Code     0  libinit2.o(.ARM.Collect$$libinit$$00000016)
    __rt_lib_init_alloca_1                   0x080002af   Thumb Code     0  libinit2.o(.ARM.Collect$$libinit$$0000002E)
    __rt_lib_init_argv_1                     0x080002af   Thumb Code     0  libinit2.o(.ARM.Collect$$libinit$$0000002C)
    __rt_lib_init_atexit_1                   0x080002af   Thumb Code     0  libinit2.o(.ARM.Collect$$libinit$$0000001B)
    __rt_lib_init_clock_1                    0x080002af   Thumb Code     0  libinit2.o(.ARM.Collect$$libinit$$00000021)
    __rt_lib_init_cpp_1                      0x080002af   Thumb Code     0  libinit2.o(.ARM.Collect$$libinit$$00000032)
    __rt_lib_init_exceptions_1               0x080002af   Thumb Code     0  libinit2.o(.ARM.Collect$$libinit$$00000030)
    __rt_lib_init_fp_trap_1                  0x080002af   Thumb Code     0  libinit2.o(.ARM.Collect$$libinit$$0000001F)
    __rt_lib_init_getenv_1                   0x080002af   Thumb Code     0  libinit2.o(.ARM.Collect$$libinit$$00000023)
    __rt_lib_init_lc_numeric_1               0x080002af   Thumb Code     0  libinit2.o(.ARM.Collect$$libinit$$00000017)
    __rt_lib_init_lc_time_1                  0x080002af   Thumb Code     0  libinit2.o(.ARM.Collect$$libinit$$00000019)
    __rt_lib_init_return                     0x080002af   Thumb Code     0  libinit2.o(.ARM.Collect$$libinit$$00000033)
    __rt_lib_init_signal_1                   0x080002af   Thumb Code     0  libinit2.o(.ARM.Collect$$libinit$$0000001D)
    __rt_lib_init_stdio_1                    0x080002af   Thumb Code     0  libinit2.o(.ARM.Collect$$libinit$$00000025)
    __rt_lib_shutdown                        0x080002b1   Thumb Code     0  libshutdown.o(.ARM.Collect$$libshutdown$$00000000)
    __rt_lib_shutdown_cpp_1                  0x080002b3   Thumb Code     0  libshutdown2.o(.ARM.Collect$$libshutdown$$00000002)
    __rt_lib_shutdown_fp_trap_1              0x080002b3   Thumb Code     0  libshutdown2.o(.ARM.Collect$$libshutdown$$00000007)
    __rt_lib_shutdown_heap_1                 0x080002b3   Thumb Code     0  libshutdown2.o(.ARM.Collect$$libshutdown$$0000000F)
    __rt_lib_shutdown_return                 0x080002b3   Thumb Code     0  libshutdown2.o(.ARM.Collect$$libshutdown$$00000010)
    __rt_lib_shutdown_signal_1               0x080002b3   Thumb Code     0  libshutdown2.o(.ARM.Collect$$libshutdown$$0000000A)
    __rt_lib_shutdown_stdio_1                0x080002b3   Thumb Code     0  libshutdown2.o(.ARM.Collect$$libshutdown$$00000004)
    __rt_lib_shutdown_user_alloc_1           0x080002b3   Thumb Code     0  libshutdown2.o(.ARM.Collect$$libshutdown$$0000000C)
    __rt_entry                               0x080002b5   Thumb Code     0  __rtentry.o(.ARM.Collect$$rtentry$$00000000)
    __rt_entry_presh_1                       0x080002b5   Thumb Code     0  __rtentry2.o(.ARM.Collect$$rtentry$$00000002)
    __rt_entry_sh                            0x080002b5   Thumb Code     0  __rtentry4.o(.ARM.Collect$$rtentry$$00000004)
    __rt_entry_li                            0x080002bb   Thumb Code     0  __rtentry2.o(.ARM.Collect$$rtentry$$0000000A)
    __rt_entry_postsh_1                      0x080002bb   Thumb Code     0  __rtentry2.o(.ARM.Collect$$rtentry$$00000009)
    __rt_entry_main                          0x080002bf   Thumb Code     0  __rtentry2.o(.ARM.Collect$$rtentry$$0000000D)
    __rt_entry_postli_1                      0x080002bf   Thumb Code     0  __rtentry2.o(.ARM.Collect$$rtentry$$0000000C)
    __rt_exit                                0x080002c7   Thumb Code     0  rtexit.o(.ARM.Collect$$rtexit$$00000000)
    __rt_exit_ls                             0x080002c9   Thumb Code     0  rtexit2.o(.ARM.Collect$$rtexit$$00000003)
    __rt_exit_prels_1                        0x080002c9   Thumb Code     0  rtexit2.o(.ARM.Collect$$rtexit$$00000002)
    __rt_exit_exit                           0x080002cd   Thumb Code     0  rtexit2.o(.ARM.Collect$$rtexit$$00000004)
    Reset_Handler                            0x080002d5   Thumb Code     8  startup_stm32f407xx.o(.text)
    ADC_IRQHandler                           0x080002ef   Thumb Code     0  startup_stm32f407xx.o(.text)
    DCMI_IRQHandler                          0x080002ef   Thumb Code     0  startup_stm32f407xx.o(.text)
    DMA1_Stream0_IRQHandler                  0x080002ef   Thumb Code     0  startup_stm32f407xx.o(.text)
    DMA1_Stream1_IRQHandler                  0x080002ef   Thumb Code     0  startup_stm32f407xx.o(.text)
    DMA1_Stream2_IRQHandler                  0x080002ef   Thumb Code     0  startup_stm32f407xx.o(.text)
    DMA1_Stream3_IRQHandler                  0x080002ef   Thumb Code     0  startup_stm32f407xx.o(.text)
    DMA1_Stream4_IRQHandler                  0x080002ef   Thumb Code     0  startup_stm32f407xx.o(.text)
    DMA1_Stream5_IRQHandler                  0x080002ef   Thumb Code     0  startup_stm32f407xx.o(.text)
    DMA1_Stream6_IRQHandler                  0x080002ef   Thumb Code     0  startup_stm32f407xx.o(.text)
    DMA1_Stream7_IRQHandler                  0x080002ef   Thumb Code     0  startup_stm32f407xx.o(.text)
    DMA2_Stream0_IRQHandler                  0x080002ef   Thumb Code     0  startup_stm32f407xx.o(.text)
    DMA2_Stream1_IRQHandler                  0x080002ef   Thumb Code     0  startup_stm32f407xx.o(.text)
    DMA2_Stream2_IRQHandler                  0x080002ef   Thumb Code     0  startup_stm32f407xx.o(.text)
    DMA2_Stream3_IRQHandler                  0x080002ef   Thumb Code     0  startup_stm32f407xx.o(.text)
    DMA2_Stream4_IRQHandler                  0x080002ef   Thumb Code     0  startup_stm32f407xx.o(.text)
    DMA2_Stream5_IRQHandler                  0x080002ef   Thumb Code     0  startup_stm32f407xx.o(.text)
    DMA2_Stream6_IRQHandler                  0x080002ef   Thumb Code     0  startup_stm32f407xx.o(.text)
    DMA2_Stream7_IRQHandler                  0x080002ef   Thumb Code     0  startup_stm32f407xx.o(.text)
    ETH_IRQHandler                           0x080002ef   Thumb Code     0  startup_stm32f407xx.o(.text)
    ETH_WKUP_IRQHandler                      0x080002ef   Thumb Code     0  startup_stm32f407xx.o(.text)
    EXTI0_IRQHandler                         0x080002ef   Thumb Code     0  startup_stm32f407xx.o(.text)
    EXTI15_10_IRQHandler                     0x080002ef   Thumb Code     0  startup_stm32f407xx.o(.text)
    EXTI1_IRQHandler                         0x080002ef   Thumb Code     0  startup_stm32f407xx.o(.text)
    EXTI2_IRQHandler                         0x080002ef   Thumb Code     0  startup_stm32f407xx.o(.text)
    EXTI3_IRQHandler                         0x080002ef   Thumb Code     0  startup_stm32f407xx.o(.text)
    EXTI4_IRQHandler                         0x080002ef   Thumb Code     0  startup_stm32f407xx.o(.text)
    EXTI9_5_IRQHandler                       0x080002ef   Thumb Code     0  startup_stm32f407xx.o(.text)
    FLASH_IRQHandler                         0x080002ef   Thumb Code     0  startup_stm32f407xx.o(.text)
    FMC_IRQHandler                           0x080002ef   Thumb Code     0  startup_stm32f407xx.o(.text)
    FPU_IRQHandler                           0x080002ef   Thumb Code     0  startup_stm32f407xx.o(.text)
    HASH_RNG_IRQHandler                      0x080002ef   Thumb Code     0  startup_stm32f407xx.o(.text)
    I2C1_ER_IRQHandler                       0x080002ef   Thumb Code     0  startup_stm32f407xx.o(.text)
    I2C1_EV_IRQHandler                       0x080002ef   Thumb Code     0  startup_stm32f407xx.o(.text)
    I2C2_ER_IRQHandler                       0x080002ef   Thumb Code     0  startup_stm32f407xx.o(.text)
    I2C2_EV_IRQHandler                       0x080002ef   Thumb Code     0  startup_stm32f407xx.o(.text)
    I2C3_ER_IRQHandler                       0x080002ef   Thumb Code     0  startup_stm32f407xx.o(.text)
    I2C3_EV_IRQHandler                       0x080002ef   Thumb Code     0  startup_stm32f407xx.o(.text)
    OTG_FS_IRQHandler                        0x080002ef   Thumb Code     0  startup_stm32f407xx.o(.text)
    OTG_FS_WKUP_IRQHandler                   0x080002ef   Thumb Code     0  startup_stm32f407xx.o(.text)
    OTG_HS_EP1_IN_IRQHandler                 0x080002ef   Thumb Code     0  startup_stm32f407xx.o(.text)
    OTG_HS_EP1_OUT_IRQHandler                0x080002ef   Thumb Code     0  startup_stm32f407xx.o(.text)
    OTG_HS_IRQHandler                        0x080002ef   Thumb Code     0  startup_stm32f407xx.o(.text)
    OTG_HS_WKUP_IRQHandler                   0x080002ef   Thumb Code     0  startup_stm32f407xx.o(.text)
    PVD_IRQHandler                           0x080002ef   Thumb Code     0  startup_stm32f407xx.o(.text)
    RCC_IRQHandler                           0x080002ef   Thumb Code     0  startup_stm32f407xx.o(.text)
    RTC_Alarm_IRQHandler                     0x080002ef   Thumb Code     0  startup_stm32f407xx.o(.text)
    RTC_WKUP_IRQHandler                      0x080002ef   Thumb Code     0  startup_stm32f407xx.o(.text)
    SDIO_IRQHandler                          0x080002ef   Thumb Code     0  startup_stm32f407xx.o(.text)
    SPI1_IRQHandler                          0x080002ef   Thumb Code     0  startup_stm32f407xx.o(.text)
    SPI2_IRQHandler                          0x080002ef   Thumb Code     0  startup_stm32f407xx.o(.text)
    SPI3_IRQHandler                          0x080002ef   Thumb Code     0  startup_stm32f407xx.o(.text)
    TAMP_STAMP_IRQHandler                    0x080002ef   Thumb Code     0  startup_stm32f407xx.o(.text)
    TIM1_BRK_TIM9_IRQHandler                 0x080002ef   Thumb Code     0  startup_stm32f407xx.o(.text)
    TIM1_CC_IRQHandler                       0x080002ef   Thumb Code     0  startup_stm32f407xx.o(.text)
    TIM1_TRG_COM_TIM11_IRQHandler            0x080002ef   Thumb Code     0  startup_stm32f407xx.o(.text)
    TIM1_UP_TIM10_IRQHandler                 0x080002ef   Thumb Code     0  startup_stm32f407xx.o(.text)
    TIM2_IRQHandler                          0x080002ef   Thumb Code     0  startup_stm32f407xx.o(.text)
    TIM3_IRQHandler                          0x080002ef   Thumb Code     0  startup_stm32f407xx.o(.text)
    TIM4_IRQHandler                          0x080002ef   Thumb Code     0  startup_stm32f407xx.o(.text)
    TIM5_IRQHandler                          0x080002ef   Thumb Code     0  startup_stm32f407xx.o(.text)
    TIM6_DAC_IRQHandler                      0x080002ef   Thumb Code     0  startup_stm32f407xx.o(.text)
    TIM7_IRQHandler                          0x080002ef   Thumb Code     0  startup_stm32f407xx.o(.text)
    TIM8_BRK_TIM12_IRQHandler                0x080002ef   Thumb Code     0  startup_stm32f407xx.o(.text)
    TIM8_CC_IRQHandler                       0x080002ef   Thumb Code     0  startup_stm32f407xx.o(.text)
    TIM8_TRG_COM_TIM14_IRQHandler            0x080002ef   Thumb Code     0  startup_stm32f407xx.o(.text)
    TIM8_UP_TIM13_IRQHandler                 0x080002ef   Thumb Code     0  startup_stm32f407xx.o(.text)
    UART4_IRQHandler                         0x080002ef   Thumb Code     0  startup_stm32f407xx.o(.text)
    UART5_IRQHandler                         0x080002ef   Thumb Code     0  startup_stm32f407xx.o(.text)
    USART1_IRQHandler                        0x080002ef   Thumb Code     0  startup_stm32f407xx.o(.text)
    USART2_IRQHandler                        0x080002ef   Thumb Code     0  startup_stm32f407xx.o(.text)
    USART3_IRQHandler                        0x080002ef   Thumb Code     0  startup_stm32f407xx.o(.text)
    USART6_IRQHandler                        0x080002ef   Thumb Code     0  startup_stm32f407xx.o(.text)
    WWDG_IRQHandler                          0x080002ef   Thumb Code     0  startup_stm32f407xx.o(.text)
    __user_initial_stackheap                 0x080002f1   Thumb Code     0  startup_stm32f407xx.o(.text)
    __aeabi_uldivmod                         0x08000315   Thumb Code     0  lludivv7m.o(.text)
    _ll_udiv                                 0x08000315   Thumb Code   238  lludivv7m.o(.text)
    vsnprintf                                0x08000405   Thumb Code    48  vsnprintf.o(.text)
    __2snprintf                              0x08000439   Thumb Code    50  __2snprintf.o(.text)
    _printf_int_dec                          0x08000471   Thumb Code   104  _printf_dec.o(.text)
    __printf                                 0x080004e9   Thumb Code   388  __printf_flags_ss_wp.o(.text)
    strlen                                   0x08000671   Thumb Code    62  strlen.o(.text)
    __aeabi_memcpy                           0x080006af   Thumb Code     0  rt_memcpy_v6.o(.text)
    __rt_memcpy                              0x080006af   Thumb Code   138  rt_memcpy_v6.o(.text)
    _memcpy_lastbytes                        0x08000715   Thumb Code     0  rt_memcpy_v6.o(.text)
    __aeabi_memcpy4                          0x08000739   Thumb Code     0  rt_memcpy_w.o(.text)
    __aeabi_memcpy8                          0x08000739   Thumb Code     0  rt_memcpy_w.o(.text)
    __rt_memcpy_w                            0x08000739   Thumb Code   100  rt_memcpy_w.o(.text)
    _memcpy_lastbytes_aligned                0x08000781   Thumb Code     0  rt_memcpy_w.o(.text)
    __aeabi_memclr4                          0x0800079d   Thumb Code     0  rt_memclr_w.o(.text)
    __aeabi_memclr8                          0x0800079d   Thumb Code     0  rt_memclr_w.o(.text)
    __rt_memclr_w                            0x0800079d   Thumb Code    78  rt_memclr_w.o(.text)
    _memset_w                                0x080007a1   Thumb Code     0  rt_memclr_w.o(.text)
    __use_two_region_memory                  0x080007eb   Thumb Code     2  heapauxi.o(.text)
    __rt_heap_escrow$2region                 0x080007ed   Thumb Code     2  heapauxi.o(.text)
    __rt_heap_expand$2region                 0x080007ef   Thumb Code     2  heapauxi.o(.text)
    _printf_pre_padding                      0x080007f1   Thumb Code    44  _printf_pad.o(.text)
    _printf_post_padding                     0x0800081d   Thumb Code    34  _printf_pad.o(.text)
    _printf_truncate_signed                  0x0800083f   Thumb Code    18  _printf_truncate.o(.text)
    _printf_truncate_unsigned                0x08000851   Thumb Code    18  _printf_truncate.o(.text)
    _printf_str                              0x08000863   Thumb Code    82  _printf_str.o(.text)
    _printf_int_common                       0x080008b5   Thumb Code   178  _printf_intcommon.o(.text)
    _printf_charcount                        0x08000967   Thumb Code    40  _printf_charcount.o(.text)
    _printf_char_common                      0x0800099b   Thumb Code    32  _printf_char_common.o(.text)
    _sputc                                   0x080009c1   Thumb Code    10  _sputc.o(.text)
    _snputc                                  0x080009cb   Thumb Code    16  _snputc.o(.text)
    _printf_wctomb                           0x080009dd   Thumb Code   182  _printf_wctomb.o(.text)
    _printf_longlong_dec                     0x08000a99   Thumb Code   108  _printf_longlong_dec.o(.text)
    _printf_longlong_oct                     0x08000b15   Thumb Code    66  _printf_oct_int_ll.o(.text)
    _printf_int_oct                          0x08000b57   Thumb Code    24  _printf_oct_int_ll.o(.text)
    _printf_ll_oct                           0x08000b6f   Thumb Code    12  _printf_oct_int_ll.o(.text)
    _printf_longlong_hex                     0x08000b85   Thumb Code    86  _printf_hex_int_ll_ptr.o(.text)
    _printf_int_hex                          0x08000bdb   Thumb Code    28  _printf_hex_int_ll_ptr.o(.text)
    _printf_ll_hex                           0x08000bf7   Thumb Code    12  _printf_hex_int_ll_ptr.o(.text)
    _printf_hex_ptr                          0x08000c03   Thumb Code    18  _printf_hex_int_ll_ptr.o(.text)
    _ll_udiv10                               0x08000c19   Thumb Code   138  lludiv10.o(.text)
    __lib_sel_fp_printf                      0x08000ca3   Thumb Code     2  _printf_fp_dec.o(.text)
    _printf_fp_dec_real                      0x08000e55   Thumb Code   620  _printf_fp_dec.o(.text)
    _printf_fp_hex_real                      0x080010c1   Thumb Code   756  _printf_fp_hex.o(.text)
    _printf_cs_common                        0x080013bd   Thumb Code    20  _printf_char.o(.text)
    _printf_char                             0x080013d1   Thumb Code    16  _printf_char.o(.text)
    _printf_string                           0x080013e1   Thumb Code     8  _printf_char.o(.text)
    _printf_lcs_common                       0x080013e9   Thumb Code    20  _printf_wchar.o(.text)
    _printf_wchar                            0x080013fd   Thumb Code    16  _printf_wchar.o(.text)
    _printf_wstring                          0x0800140d   Thumb Code     8  _printf_wchar.o(.text)
    _wcrtomb                                 0x08001415   Thumb Code    64  _wcrtomb.o(.text)
    __user_setup_stackheap                   0x08001455   Thumb Code    74  sys_stackheap_outer.o(.text)
    __rt_ctype_table                         0x080014a1   Thumb Code    16  rt_ctype_table.o(.text)
    __rt_locale                              0x080014b1   Thumb Code     8  rt_locale_intlibspace.o(.text)
    _printf_fp_infnan                        0x080014b9   Thumb Code   112  _printf_fp_infnan.o(.text)
    _btod_etento                             0x08001539   Thumb Code   224  bigflt0.o(.text)
    exit                                     0x0800161d   Thumb Code    18  exit.o(.text)
    __user_libspace                          0x08001631   Thumb Code     8  libspace.o(.text)
    __user_perproc_libspace                  0x08001631   Thumb Code     0  libspace.o(.text)
    __user_perthread_libspace                0x08001631   Thumb Code     0  libspace.o(.text)
    strcmp                                   0x08001639   Thumb Code   128  strcmpv7m.o(.text)
    _sys_exit                                0x080016b9   Thumb Code     8  sys_exit.o(.text)
    __I$use$semihosting                      0x080016c5   Thumb Code     0  use_no_semi.o(.text)
    __use_no_semihosting_swi                 0x080016c5   Thumb Code     2  use_no_semi.o(.text)
    __semihosting_library_function           0x080016c7   Thumb Code     0  indicate_semi.o(.text)
    _btod_d2e                                0x080016c7   Thumb Code    62  btod.o(CL$$btod_d2e)
    _d2e_denorm_low                          0x08001705   Thumb Code    70  btod.o(CL$$btod_d2e_denorm_low)
    _d2e_norm_op1                            0x0800174b   Thumb Code    96  btod.o(CL$$btod_d2e_norm_op1)
    __btod_div_common                        0x080017ab   Thumb Code   696  btod.o(CL$$btod_div_common)
    _e2e                                     0x08001ae3   Thumb Code   220  btod.o(CL$$btod_e2e)
    _btod_ediv                               0x08001bbf   Thumb Code    42  btod.o(CL$$btod_ediv)
    _btod_emul                               0x08001be9   Thumb Code    42  btod.o(CL$$btod_emul)
    __btod_mult_common                       0x08001c13   Thumb Code   580  btod.o(CL$$btod_mult_common)
    App_Main                                 0x080021a9   Thumb Code  1430  app.o(i.App_Main)
    BusFault_Handler                         0x08002a95   Thumb Code     2  stm32f4xx_it.o(i.BusFault_Handler)
    CAN1_RX0_IRQHandler                      0x08002a99   Thumb Code     6  stm32f4xx_it.o(i.CAN1_RX0_IRQHandler)
    CAN1_RX1_IRQHandler                      0x08002aa5   Thumb Code     6  stm32f4xx_it.o(i.CAN1_RX1_IRQHandler)
    CAN1_SCE_IRQHandler                      0x08002ab1   Thumb Code     6  stm32f4xx_it.o(i.CAN1_SCE_IRQHandler)
    CAN1_TX_IRQHandler                       0x08002abd   Thumb Code     6  stm32f4xx_it.o(i.CAN1_TX_IRQHandler)
    CAN2_RX0_IRQHandler                      0x08002ac9   Thumb Code     6  stm32f4xx_it.o(i.CAN2_RX0_IRQHandler)
    CAN2_RX1_IRQHandler                      0x08002ad5   Thumb Code     6  stm32f4xx_it.o(i.CAN2_RX1_IRQHandler)
    CAN2_SCE_IRQHandler                      0x08002ae1   Thumb Code     6  stm32f4xx_it.o(i.CAN2_SCE_IRQHandler)
    CAN2_TX_IRQHandler                       0x08002aed   Thumb Code     6  stm32f4xx_it.o(i.CAN2_TX_IRQHandler)
    CAN_Config_1Mbps_Timing                  0x08002af9   Thumb Code    18  can_driver.o(i.CAN_Config_1Mbps_Timing)
    DebugMon_Handler                         0x08002b0b   Thumb Code     2  stm32f4xx_it.o(i.DebugMon_Handler)
    HAL_CAN_ActivateNotification             0x08002ce9   Thumb Code    36  stm32f4xx_hal_can.o(i.HAL_CAN_ActivateNotification)
    HAL_CAN_AddTxMessage                     0x08002d0d   Thumb Code   188  stm32f4xx_hal_can.o(i.HAL_CAN_AddTxMessage)
    HAL_CAN_ConfigFilter                     0x08002dc9   Thumb Code   262  stm32f4xx_hal_can.o(i.HAL_CAN_ConfigFilter)
    HAL_CAN_ErrorCallback                    0x08002ed5   Thumb Code    82  can_driver.o(i.HAL_CAN_ErrorCallback)
    HAL_CAN_GetError                         0x08002f41   Thumb Code     4  stm32f4xx_hal_can.o(i.HAL_CAN_GetError)
    HAL_CAN_GetRxFifoFillLevel               0x08002f45   Thumb Code    34  stm32f4xx_hal_can.o(i.HAL_CAN_GetRxFifoFillLevel)
    HAL_CAN_GetRxMessage                     0x08002f67   Thumb Code   244  stm32f4xx_hal_can.o(i.HAL_CAN_GetRxMessage)
    HAL_CAN_GetTxMailboxesFreeLevel          0x0800305b   Thumb Code    44  stm32f4xx_hal_can.o(i.HAL_CAN_GetTxMailboxesFreeLevel)
    HAL_CAN_IRQHandler                       0x08003087   Thumb Code   508  stm32f4xx_hal_can.o(i.HAL_CAN_IRQHandler)
    HAL_CAN_Init                             0x08003283   Thumb Code   282  stm32f4xx_hal_can.o(i.HAL_CAN_Init)
    HAL_CAN_MspInit                          0x0800339d   Thumb Code   302  can.o(i.HAL_CAN_MspInit)
    HAL_CAN_RxFifo0FullCallback              0x080034e1   Thumb Code     2  stm32f4xx_hal_can.o(i.HAL_CAN_RxFifo0FullCallback)
    HAL_CAN_RxFifo0MsgPendingCallback        0x080034e3   Thumb Code     4  getdata.o(i.HAL_CAN_RxFifo0MsgPendingCallback)
    HAL_CAN_RxFifo1FullCallback              0x080034e7   Thumb Code     2  stm32f4xx_hal_can.o(i.HAL_CAN_RxFifo1FullCallback)
    HAL_CAN_RxFifo1MsgPendingCallback        0x080034e9   Thumb Code     2  stm32f4xx_hal_can.o(i.HAL_CAN_RxFifo1MsgPendingCallback)
    HAL_CAN_SleepCallback                    0x080034eb   Thumb Code     2  stm32f4xx_hal_can.o(i.HAL_CAN_SleepCallback)
    HAL_CAN_Start                            0x080034ed   Thumb Code    88  stm32f4xx_hal_can.o(i.HAL_CAN_Start)
    HAL_CAN_Stop                             0x08003545   Thumb Code    96  stm32f4xx_hal_can.o(i.HAL_CAN_Stop)
    HAL_CAN_TxMailbox0AbortCallback          0x080035a5   Thumb Code     2  stm32f4xx_hal_can.o(i.HAL_CAN_TxMailbox0AbortCallback)
    HAL_CAN_TxMailbox0CompleteCallback       0x080035a7   Thumb Code     2  stm32f4xx_hal_can.o(i.HAL_CAN_TxMailbox0CompleteCallback)
    HAL_CAN_TxMailbox1AbortCallback          0x080035a9   Thumb Code     2  stm32f4xx_hal_can.o(i.HAL_CAN_TxMailbox1AbortCallback)
    HAL_CAN_TxMailbox1CompleteCallback       0x080035ab   Thumb Code     2  stm32f4xx_hal_can.o(i.HAL_CAN_TxMailbox1CompleteCallback)
    HAL_CAN_TxMailbox2AbortCallback          0x080035ad   Thumb Code     2  stm32f4xx_hal_can.o(i.HAL_CAN_TxMailbox2AbortCallback)
    HAL_CAN_TxMailbox2CompleteCallback       0x080035af   Thumb Code     2  stm32f4xx_hal_can.o(i.HAL_CAN_TxMailbox2CompleteCallback)
    HAL_CAN_WakeUpFromRxMsgCallback          0x080035b1   Thumb Code     2  stm32f4xx_hal_can.o(i.HAL_CAN_WakeUpFromRxMsgCallback)
    HAL_Delay                                0x080035b5   Thumb Code    32  stm32f4xx_hal.o(i.HAL_Delay)
    HAL_GPIO_Init                            0x080035d9   Thumb Code   450  stm32f4xx_hal_gpio.o(i.HAL_GPIO_Init)
    HAL_GPIO_ReadPin                         0x080037c9   Thumb Code    10  stm32f4xx_hal_gpio.o(i.HAL_GPIO_ReadPin)
    HAL_GPIO_WritePin                        0x080037d3   Thumb Code    10  stm32f4xx_hal_gpio.o(i.HAL_GPIO_WritePin)
    HAL_GetTick                              0x080037dd   Thumb Code     6  stm32f4xx_hal.o(i.HAL_GetTick)
    HAL_IncTick                              0x080037e9   Thumb Code    12  stm32f4xx_hal.o(i.HAL_IncTick)
    HAL_Init                                 0x080037f9   Thumb Code    48  stm32f4xx_hal.o(i.HAL_Init)
    HAL_InitTick                             0x0800382d   Thumb Code    54  stm32f4xx_hal.o(i.HAL_InitTick)
    HAL_MspInit                              0x0800386d   Thumb Code    42  stm32f4xx_hal_msp.o(i.HAL_MspInit)
    HAL_NVIC_EnableIRQ                       0x0800389d   Thumb Code    26  stm32f4xx_hal_cortex.o(i.HAL_NVIC_EnableIRQ)
    HAL_NVIC_SetPriority                     0x080038b9   Thumb Code    60  stm32f4xx_hal_cortex.o(i.HAL_NVIC_SetPriority)
    HAL_NVIC_SetPriorityGrouping             0x080038f9   Thumb Code    26  stm32f4xx_hal_cortex.o(i.HAL_NVIC_SetPriorityGrouping)
    HAL_RCC_ClockConfig                      0x0800391d   Thumb Code   288  stm32f4xx_hal_rcc.o(i.HAL_RCC_ClockConfig)
    HAL_RCC_GetPCLK1Freq                     0x08003a51   Thumb Code    20  stm32f4xx_hal_rcc.o(i.HAL_RCC_GetPCLK1Freq)
    HAL_RCC_GetPCLK2Freq                     0x08003a71   Thumb Code    20  stm32f4xx_hal_rcc.o(i.HAL_RCC_GetPCLK2Freq)
    HAL_RCC_GetSysClockFreq                  0x08003a91   Thumb Code    88  stm32f4xx_hal_rcc.o(i.HAL_RCC_GetSysClockFreq)
    HAL_RCC_OscConfig                        0x08003af1   Thumb Code   856  stm32f4xx_hal_rcc.o(i.HAL_RCC_OscConfig)
    HAL_SPI_Init                             0x08003e5d   Thumb Code   188  stm32f4xx_hal_spi.o(i.HAL_SPI_Init)
    HAL_SPI_MspInit                          0x08003f19   Thumb Code    92  stm32f4xx_hal_msp.o(i.HAL_SPI_MspInit)
    HAL_SPI_Transmit                         0x08003f81   Thumb Code   358  stm32f4xx_hal_spi.o(i.HAL_SPI_Transmit)
    HAL_SPI_TransmitReceive                  0x080040e7   Thumb Code   496  stm32f4xx_hal_spi.o(i.HAL_SPI_TransmitReceive)
    HAL_SYSTICK_Config                       0x080042d7   Thumb Code    40  stm32f4xx_hal_cortex.o(i.HAL_SYSTICK_Config)
    HAL_UARTEx_ReceiveToIdle                 0x080042ff   Thumb Code   240  stm32f4xx_hal_uart.o(i.HAL_UARTEx_ReceiveToIdle)
    HAL_UART_Init                            0x080043ef   Thumb Code   100  stm32f4xx_hal_uart.o(i.HAL_UART_Init)
    HAL_UART_MspInit                         0x08004455   Thumb Code   206  stm32f4xx_hal_msp.o(i.HAL_UART_MspInit)
    HAL_UART_Transmit                        0x0800453d   Thumb Code   160  stm32f4xx_hal_uart.o(i.HAL_UART_Transmit)
    HandleMessage                            0x08004641   Thumb Code    74  getdata.o(i.HandleMessage)
    HardFault_Handler                        0x08004739   Thumb Code    90  stm32f4xx_it.o(i.HardFault_Handler)
    MX_CAN1_Init                             0x08004d79   Thumb Code    60  can.o(i.MX_CAN1_Init)
    MX_CAN2_Init                             0x08004dc1   Thumb Code    60  can.o(i.MX_CAN2_Init)
    MX_GPIO_Init                             0x08004e09   Thumb Code   236  main.o(i.MX_GPIO_Init)
    MX_SPI1_Init                             0x08004f05   Thumb Code    46  main.o(i.MX_SPI1_Init)
    MX_USART1_UART_Init                      0x08004f3d   Thumb Code    34  main.o(i.MX_USART1_UART_Init)
    MX_USART2_UART_Init                      0x08004f6d   Thumb Code    32  main.o(i.MX_USART2_UART_Init)
    MX_USART3_UART_Init                      0x08004f95   Thumb Code    32  main.o(i.MX_USART3_UART_Init)
    MemManage_Handler                        0x08004fbd   Thumb Code     2  stm32f4xx_it.o(i.MemManage_Handler)
    NMI_Handler                              0x08004fbf   Thumb Code     2  stm32f4xx_it.o(i.NMI_Handler)
    PendSV_Handler                           0x08005505   Thumb Code     2  stm32f4xx_it.o(i.PendSV_Handler)
    SERVO_Send_recv                          0x08005509   Thumb Code   194  go-m8010-6.o(i.SERVO_Send_recv)
    SVC_Handler                              0x080056fd   Thumb Code     2  stm32f4xx_it.o(i.SVC_Handler)
    SysTick_Handler                          0x080056ff   Thumb Code     4  stm32f4xx_it.o(i.SysTick_Handler)
    SystemClock_Config                       0x08005705   Thumb Code   194  main.o(i.SystemClock_Config)
    SystemCoreClockUpdate                    0x080057d5   Thumb Code   104  system_stm32f4xx.o(i.SystemCoreClockUpdate)
    SystemInit                               0x0800584d   Thumb Code    12  system_stm32f4xx.o(i.SystemInit)
    USER_CAN1_Start                          0x08005a2d   Thumb Code    96  can_driver.o(i.USER_CAN1_Start)
    USER_CAN2_Start                          0x08005a9d   Thumb Code    94  can_driver.o(i.USER_CAN2_Start)
    USER_CAN_PollRx                          0x08005b0d   Thumb Code    18  getdata.o(i.USER_CAN_PollRx)
    UsageFault_Handler                       0x08005ba5   Thumb Code     2  stm32f4xx_it.o(i.UsageFault_Handler)
    __ARM_fpclassify                         0x08005ec1   Thumb Code    48  fpclassify.o(i.__ARM_fpclassify)
    _is_digit                                0x08005f11   Thumb Code    14  __printf_wp.o(i._is_digit)
    calculate_can_id                         0x08005f8d   Thumb Code     6  motor.o(i.calculate_can_id)
    can1_send_msg                            0x08005f95   Thumb Code    94  can_driver.o(i.can1_send_msg)
    can2_send_msg                            0x08005ff9   Thumb Code   206  can_driver.o(i.can2_send_msg)
    can_clear_errors                         0x080060f1   Thumb Code    24  motor.o(i.can_clear_errors)
    can_set_axis_state                       0x08006109   Thumb Code    32  motor.o(i.can_set_axis_state)
    can_set_controller_mode                  0x08006129   Thumb Code    42  motor.o(i.can_set_controller_mode)
    can_set_input_pos                        0x08006153   Thumb Code    72  motor.o(i.can_set_input_pos)
    can_set_limits                           0x0800619b   Thumb Code    58  motor.o(i.can_set_limits)
    can_set_pos_gain                         0x080061d5   Thumb Code    32  motor.o(i.can_set_pos_gain)
    can_set_vel_gains                        0x080061f5   Thumb Code    58  motor.o(i.can_set_vel_gains)
    extract_data                             0x08006275   Thumb Code   164  go-m8010-6.o(i.extract_data)
    float_to_uint32                          0x08006325   Thumb Code     6  motor.o(i.float_to_uint32)
    intToFloat                               0x08006391   Thumb Code     6  motor.o(i.intToFloat)
    main                                     0x080066ed   Thumb Code    10  main.o(i.main)
    modify_data                              0x080066f9   Thumb Code   348  go-m8010-6.o(i.modify_data)
    _get_lc_numeric                          0x08006901   Thumb Code    44  lc_numeric_c.o(locale$$code)
    _get_lc_ctype                            0x0800692d   Thumb Code    44  lc_ctype_c.o(locale$$code)
    _fp_init                                 0x08006959   Thumb Code    10  fpinit.o(x$fpl$fpinit)
    __fplib_config_fpu_vfp                   0x08006961   Thumb Code     0  fpinit.o(x$fpl$fpinit)
    __fplib_config_pureend_doubles           0x08006961   Thumb Code     0  fpinit.o(x$fpl$fpinit)
    _printf_fp_dec                           0x08006963   Thumb Code     4  printf1.o(x$fpl$printf1)
    _printf_fp_hex                           0x08006967   Thumb Code     4  printf2.o(x$fpl$printf2)
    __I$use$fp                               0x0800696a   Number         0  usenofp.o(x$fpl$usenofp)
    AHBPrescTable                            0x08006d0c   Data          16  system_stm32f4xx.o(.constdata)
    APBPrescTable                            0x08006d1c   Data           8  system_stm32f4xx.o(.constdata)
    Region$$Table$$Base                      0x08006fb4   Number         0  anon$$obj.o(Region$$Table)
    Region$$Table$$Limit                     0x08006fd4   Number         0  anon$$obj.o(Region$$Table)
    __ctype                                  0x08006ffd   Data           0  lc_ctype_c.o(locale$$data)
    g_boot_stage_code                        0x20000018   Data           4  app.o(.data)
    g_hardfault_count                        0x2000001c   Data           4  app.o(.data)
    g_can1_error_code                        0x20000088   Data           4  can_driver.o(.data)
    g_can1_busoff_count                      0x2000008c   Data           4  can_driver.o(.data)
    g_can2_rx_count                          0x20000090   Data           4  getdata.o(.data)
    g_can2_127_rx_count                      0x20000094   Data           4  getdata.o(.data)
    g_can2_227_rx_count                      0x20000098   Data           4  getdata.o(.data)
    g_can2_last_id                           0x2000009c   Data           4  getdata.o(.data)
    g_node127_rx_bus                         0x200000a0   Data           4  getdata.o(.data)
    motor_fb_valid                           0x200000a4   Data           6  getdata.o(.data)
    motor_axis_state                         0x200000aa   Data           6  getdata.o(.data)
    motor_axis_flags                         0x200000b0   Data           6  getdata.o(.data)
    motor_hb_valid                           0x200000b6   Data           6  getdata.o(.data)
    g_ankle_init_step                        0x200000bc   Data           1  getdata.o(.data)
    g_ankle_init_result                      0x200000bd   Data           1  getdata.o(.data)
    g_ankle_last_tx_status                   0x200000be   Data           1  getdata.o(.data)
    g_can2_error_code                        0x200000c0   Data           4  getdata.o(.data)
    g_can2_busoff_count                      0x200000c4   Data           4  getdata.o(.data)
    g_node127_sync_count                     0x200000c8   Data           4  getdata.o(.data)
    g_node127_sync_last_status               0x200000cc   Data           1  getdata.o(.data)
    g_can2_tx_ok_count                       0x200000d0   Data           4  getdata.o(.data)
    g_can2_tx_fail_count                     0x200000d4   Data           4  getdata.o(.data)
    g_can2_tx_busy_count                     0x200000d8   Data           4  getdata.o(.data)
    g_can2_tx_abort_count                    0x200000dc   Data           4  getdata.o(.data)
    g_can2_tx_mailbox_free                   0x200000e0   Data           4  getdata.o(.data)
    g_can2_esr_snapshot                      0x200000e4   Data           4  getdata.o(.data)
    g_can2_msr_snapshot                      0x200000e8   Data           4  getdata.o(.data)
    g_can2_state_snapshot                    0x200000ec   Data           4  getdata.o(.data)
    g_node127_warmup_done                    0x200000f0   Data           4  getdata.o(.data)
    g_node127_last_sync_tick                 0x200000f4   Data           4  getdata.o(.data)
    g_can1_127_rx_count                      0x200000f8   Data           4  getdata.o(.data)
    g_can1_227_rx_count                      0x200000fc   Data           4  getdata.o(.data)
    uwTickFreq                               0x20000100   Data           1  stm32f4xx_hal.o(.data)
    uwTickPrio                               0x20000104   Data           4  stm32f4xx_hal.o(.data)
    uwTick                                   0x20000108   Data           4  stm32f4xx_hal.o(.data)
    SystemCoreClock                          0x2000010c   Data           4  system_stm32f4xx.o(.data)
    hcan1                                    0x20000110   Data          40  can.o(.bss)
    hcan2                                    0x20000138   Data          40  can.o(.bss)
    huart2                                   0x200008f8   Data          72  app.o(.bss)
    huart3                                   0x20000940   Data          72  app.o(.bss)
    hspi1                                    0x20000988   Data          88  app.o(.bss)
    huart1                                   0x200009e0   Data          72  app.o(.bss)
    motor                                    0x20000a28   Data         144  control.o(.bss)
    motor_fb_tick                            0x20000ab8   Data          24  getdata.o(.bss)
    motor_axis_error                         0x20000ad0   Data          24  getdata.o(.bss)
    motor_hb_tick                            0x20000ae8   Data          24  getdata.o(.bss)
    g_node127                                0x20000b00   Data          32  getdata.o(.bss)
    __libspace_start                         0x20000b20   Data          96  libspace.o(.bss)
    __temporary_stack_top$libspace           0x20000b80   Data           0  libspace.o(.bss)



==============================================================================

Memory Map of the image

  Image Entry point : 0x08000189

  Load Region LR_IROM1 (Base: 0x08000000, Size: 0x00007210, Max: 0x00080000, ABSOLUTE)

    Execution Region ER_IROM1 (Exec base: 0x08000000, Load base: 0x08000000, Size: 0x00007100, Max: 0x00080000, ABSOLUTE)

    Exec Addr    Load Addr    Size         Type   Attr      Idx    E Section Name        Object

    0x08000000   0x08000000   0x00000188   Data   RO            3    RESET               startup_stm32f407xx.o
    0x08000188   0x08000188   0x00000008   Code   RO         3289  * !!!main             c_w.l(__main.o)
    0x08000190   0x08000190   0x00000034   Code   RO         3595    !!!scatter          c_w.l(__scatter.o)
    0x080001c4   0x080001c4   0x0000001a   Code   RO         3597    !!handler_copy      c_w.l(__scatter_copy.o)
    0x080001de   0x080001de   0x00000002   PAD
    0x080001e0   0x080001e0   0x0000001c   Code   RO         3599    !!handler_zi        c_w.l(__scatter_zi.o)
    0x080001fc   0x080001fc   0x00000000   Code   RO         3278    .ARM.Collect$$_printf_percent$$00000000  c_w.l(_printf_percent.o)
    0x080001fc   0x080001fc   0x00000006   Code   RO         3346    .ARM.Collect$$_printf_percent$$00000001  c_w.l(_printf_n.o)
    0x08000202   0x08000202   0x00000006   Code   RO         3348    .ARM.Collect$$_printf_percent$$00000002  c_w.l(_printf_p.o)
    0x08000208   0x08000208   0x00000006   Code   RO         3351    .ARM.Collect$$_printf_percent$$00000003  c_w.l(_printf_f.o)
    0x0800020e   0x0800020e   0x00000006   Code   RO         3352    .ARM.Collect$$_printf_percent$$00000004  c_w.l(_printf_e.o)
    0x08000214   0x08000214   0x00000006   Code   RO         3353    .ARM.Collect$$_printf_percent$$00000005  c_w.l(_printf_g.o)
    0x0800021a   0x0800021a   0x00000006   Code   RO         3354    .ARM.Collect$$_printf_percent$$00000006  c_w.l(_printf_a.o)
    0x08000220   0x08000220   0x0000000a   Code   RO         3359    .ARM.Collect$$_printf_percent$$00000007  c_w.l(_printf_ll.o)
    0x0800022a   0x0800022a   0x00000006   Code   RO         3350    .ARM.Collect$$_printf_percent$$00000008  c_w.l(_printf_i.o)
    0x08000230   0x08000230   0x00000006   Code   RO         3276    .ARM.Collect$$_printf_percent$$00000009  c_w.l(_printf_d.o)
    0x08000236   0x08000236   0x00000006   Code   RO         3277    .ARM.Collect$$_printf_percent$$0000000A  c_w.l(_printf_u.o)
    0x0800023c   0x0800023c   0x00000006   Code   RO         3349    .ARM.Collect$$_printf_percent$$0000000B  c_w.l(_printf_o.o)
    0x08000242   0x08000242   0x00000006   Code   RO         3347    .ARM.Collect$$_printf_percent$$0000000C  c_w.l(_printf_x.o)
    0x08000248   0x08000248   0x00000006   Code   RO         3356    .ARM.Collect$$_printf_percent$$0000000D  c_w.l(_printf_lli.o)
    0x0800024e   0x0800024e   0x00000006   Code   RO         3357    .ARM.Collect$$_printf_percent$$0000000E  c_w.l(_printf_lld.o)
    0x08000254   0x08000254   0x00000006   Code   RO         3358    .ARM.Collect$$_printf_percent$$0000000F  c_w.l(_printf_llu.o)
    0x0800025a   0x0800025a   0x00000006   Code   RO         3363    .ARM.Collect$$_printf_percent$$00000010  c_w.l(_printf_llo.o)
    0x08000260   0x08000260   0x00000006   Code   RO         3364    .ARM.Collect$$_printf_percent$$00000011  c_w.l(_printf_llx.o)
    0x08000266   0x08000266   0x0000000a   Code   RO         3360    .ARM.Collect$$_printf_percent$$00000012  c_w.l(_printf_l.o)
    0x08000270   0x08000270   0x00000006   Code   RO         3344    .ARM.Collect$$_printf_percent$$00000013  c_w.l(_printf_c.o)
    0x08000276   0x08000276   0x00000006   Code   RO         3345    .ARM.Collect$$_printf_percent$$00000014  c_w.l(_printf_s.o)
    0x0800027c   0x0800027c   0x00000006   Code   RO         3361    .ARM.Collect$$_printf_percent$$00000015  c_w.l(_printf_lc.o)
    0x08000282   0x08000282   0x00000006   Code   RO         3362    .ARM.Collect$$_printf_percent$$00000016  c_w.l(_printf_ls.o)
    0x08000288   0x08000288   0x00000004   Code   RO         3355    .ARM.Collect$$_printf_percent$$00000017  c_w.l(_printf_percent_end.o)
    0x0800028c   0x0800028c   0x00000002   Code   RO         3455    .ARM.Collect$$libinit$$00000000  c_w.l(libinit.o)
    0x0800028e   0x0800028e   0x00000004   Code   RO         3477    .ARM.Collect$$libinit$$00000001  c_w.l(libinit2.o)
    0x08000292   0x08000292   0x00000000   Code   RO         3480    .ARM.Collect$$libinit$$00000004  c_w.l(libinit2.o)
    0x08000292   0x08000292   0x00000000   Code   RO         3483    .ARM.Collect$$libinit$$0000000A  c_w.l(libinit2.o)
    0x08000292   0x08000292   0x00000000   Code   RO         3485    .ARM.Collect$$libinit$$0000000C  c_w.l(libinit2.o)
    0x08000292   0x08000292   0x00000000   Code   RO         3487    .ARM.Collect$$libinit$$0000000E  c_w.l(libinit2.o)
    0x08000292   0x08000292   0x00000006   Code   RO         3488    .ARM.Collect$$libinit$$0000000F  c_w.l(libinit2.o)
    0x08000298   0x08000298   0x00000000   Code   RO         3490    .ARM.Collect$$libinit$$00000011  c_w.l(libinit2.o)
    0x08000298   0x08000298   0x0000000c   Code   RO         3491    .ARM.Collect$$libinit$$00000012  c_w.l(libinit2.o)
    0x080002a4   0x080002a4   0x00000000   Code   RO         3492    .ARM.Collect$$libinit$$00000013  c_w.l(libinit2.o)
    0x080002a4   0x080002a4   0x00000000   Code   RO         3494    .ARM.Collect$$libinit$$00000015  c_w.l(libinit2.o)
    0x080002a4   0x080002a4   0x0000000a   Code   RO         3495    .ARM.Collect$$libinit$$00000016  c_w.l(libinit2.o)
    0x080002ae   0x080002ae   0x00000000   Code   RO         3496    .ARM.Collect$$libinit$$00000017  c_w.l(libinit2.o)
    0x080002ae   0x080002ae   0x00000000   Code   RO         3498    .ARM.Collect$$libinit$$00000019  c_w.l(libinit2.o)
    0x080002ae   0x080002ae   0x00000000   Code   RO         3500    .ARM.Collect$$libinit$$0000001B  c_w.l(libinit2.o)
    0x080002ae   0x080002ae   0x00000000   Code   RO         3502    .ARM.Collect$$libinit$$0000001D  c_w.l(libinit2.o)
    0x080002ae   0x080002ae   0x00000000   Code   RO         3504    .ARM.Collect$$libinit$$0000001F  c_w.l(libinit2.o)
    0x080002ae   0x080002ae   0x00000000   Code   RO         3506    .ARM.Collect$$libinit$$00000021  c_w.l(libinit2.o)
    0x080002ae   0x080002ae   0x00000000   Code   RO         3508    .ARM.Collect$$libinit$$00000023  c_w.l(libinit2.o)
    0x080002ae   0x080002ae   0x00000000   Code   RO         3510    .ARM.Collect$$libinit$$00000025  c_w.l(libinit2.o)
    0x080002ae   0x080002ae   0x00000000   Code   RO         3514    .ARM.Collect$$libinit$$0000002C  c_w.l(libinit2.o)
    0x080002ae   0x080002ae   0x00000000   Code   RO         3516    .ARM.Collect$$libinit$$0000002E  c_w.l(libinit2.o)
    0x080002ae   0x080002ae   0x00000000   Code   RO         3518    .ARM.Collect$$libinit$$00000030  c_w.l(libinit2.o)
    0x080002ae   0x080002ae   0x00000000   Code   RO         3520    .ARM.Collect$$libinit$$00000032  c_w.l(libinit2.o)
    0x080002ae   0x080002ae   0x00000002   Code   RO         3521    .ARM.Collect$$libinit$$00000033  c_w.l(libinit2.o)
    0x080002b0   0x080002b0   0x00000002   Code   RO         3552    .ARM.Collect$$libshutdown$$00000000  c_w.l(libshutdown.o)
    0x080002b2   0x080002b2   0x00000000   Code   RO         3578    .ARM.Collect$$libshutdown$$00000002  c_w.l(libshutdown2.o)
    0x080002b2   0x080002b2   0x00000000   Code   RO         3580    .ARM.Collect$$libshutdown$$00000004  c_w.l(libshutdown2.o)
    0x080002b2   0x080002b2   0x00000000   Code   RO         3583    .ARM.Collect$$libshutdown$$00000007  c_w.l(libshutdown2.o)
    0x080002b2   0x080002b2   0x00000000   Code   RO         3586    .ARM.Collect$$libshutdown$$0000000A  c_w.l(libshutdown2.o)
    0x080002b2   0x080002b2   0x00000000   Code   RO         3588    .ARM.Collect$$libshutdown$$0000000C  c_w.l(libshutdown2.o)
    0x080002b2   0x080002b2   0x00000000   Code   RO         3591    .ARM.Collect$$libshutdown$$0000000F  c_w.l(libshutdown2.o)
    0x080002b2   0x080002b2   0x00000002   Code   RO         3592    .ARM.Collect$$libshutdown$$00000010  c_w.l(libshutdown2.o)
    0x080002b4   0x080002b4   0x00000000   Code   RO         3291    .ARM.Collect$$rtentry$$00000000  c_w.l(__rtentry.o)
    0x080002b4   0x080002b4   0x00000000   Code   RO         3374    .ARM.Collect$$rtentry$$00000002  c_w.l(__rtentry2.o)
    0x080002b4   0x080002b4   0x00000006   Code   RO         3386    .ARM.Collect$$rtentry$$00000004  c_w.l(__rtentry4.o)
    0x080002ba   0x080002ba   0x00000000   Code   RO         3376    .ARM.Collect$$rtentry$$00000009  c_w.l(__rtentry2.o)
    0x080002ba   0x080002ba   0x00000004   Code   RO         3377    .ARM.Collect$$rtentry$$0000000A  c_w.l(__rtentry2.o)
    0x080002be   0x080002be   0x00000000   Code   RO         3379    .ARM.Collect$$rtentry$$0000000C  c_w.l(__rtentry2.o)
    0x080002be   0x080002be   0x00000008   Code   RO         3380    .ARM.Collect$$rtentry$$0000000D  c_w.l(__rtentry2.o)
    0x080002c6   0x080002c6   0x00000002   Code   RO         3464    .ARM.Collect$$rtexit$$00000000  c_w.l(rtexit.o)
    0x080002c8   0x080002c8   0x00000000   Code   RO         3525    .ARM.Collect$$rtexit$$00000002  c_w.l(rtexit2.o)
    0x080002c8   0x080002c8   0x00000004   Code   RO         3526    .ARM.Collect$$rtexit$$00000003  c_w.l(rtexit2.o)
    0x080002cc   0x080002cc   0x00000006   Code   RO         3527    .ARM.Collect$$rtexit$$00000004  c_w.l(rtexit2.o)
    0x080002d2   0x080002d2   0x00000002   PAD
    0x080002d4   0x080002d4   0x00000040   Code   RO            4    .text               startup_stm32f407xx.o
    0x08000314   0x08000314   0x000000ee   Code   RO         3244    .text               c_w.l(lludivv7m.o)
    0x08000402   0x08000402   0x00000002   PAD
    0x08000404   0x08000404   0x00000034   Code   RO         3246    .text               c_w.l(vsnprintf.o)
    0x08000438   0x08000438   0x00000038   Code   RO         3248    .text               c_w.l(__2snprintf.o)
    0x08000470   0x08000470   0x00000078   Code   RO         3254    .text               c_w.l(_printf_dec.o)
    0x080004e8   0x080004e8   0x00000188   Code   RO         3273    .text               c_w.l(__printf_flags_ss_wp.o)
    0x08000670   0x08000670   0x0000003e   Code   RO         3279    .text               c_w.l(strlen.o)
    0x080006ae   0x080006ae   0x0000008a   Code   RO         3281    .text               c_w.l(rt_memcpy_v6.o)
    0x08000738   0x08000738   0x00000064   Code   RO         3283    .text               c_w.l(rt_memcpy_w.o)
    0x0800079c   0x0800079c   0x0000004e   Code   RO         3285    .text               c_w.l(rt_memclr_w.o)
    0x080007ea   0x080007ea   0x00000006   Code   RO         3287    .text               c_w.l(heapauxi.o)
    0x080007f0   0x080007f0   0x0000004e   Code   RO         3296    .text               c_w.l(_printf_pad.o)
    0x0800083e   0x0800083e   0x00000024   Code   RO         3298    .text               c_w.l(_printf_truncate.o)
    0x08000862   0x08000862   0x00000052   Code   RO         3300    .text               c_w.l(_printf_str.o)
    0x080008b4   0x080008b4   0x000000b2   Code   RO         3302    .text               c_w.l(_printf_intcommon.o)
    0x08000966   0x08000966   0x00000028   Code   RO         3304    .text               c_w.l(_printf_charcount.o)
    0x0800098e   0x0800098e   0x00000002   PAD
    0x08000990   0x08000990   0x00000030   Code   RO         3306    .text               c_w.l(_printf_char_common.o)
    0x080009c0   0x080009c0   0x0000000a   Code   RO         3308    .text               c_w.l(_sputc.o)
    0x080009ca   0x080009ca   0x00000010   Code   RO         3310    .text               c_w.l(_snputc.o)
    0x080009da   0x080009da   0x00000002   PAD
    0x080009dc   0x080009dc   0x000000bc   Code   RO         3312    .text               c_w.l(_printf_wctomb.o)
    0x08000a98   0x08000a98   0x0000007c   Code   RO         3315    .text               c_w.l(_printf_longlong_dec.o)
    0x08000b14   0x08000b14   0x00000070   Code   RO         3321    .text               c_w.l(_printf_oct_int_ll.o)
    0x08000b84   0x08000b84   0x00000094   Code   RO         3341    .text               c_w.l(_printf_hex_int_ll_ptr.o)
    0x08000c18   0x08000c18   0x0000008a   Code   RO         3390    .text               c_w.l(lludiv10.o)
    0x08000ca2   0x08000ca2   0x0000041e   Code   RO         3392    .text               c_w.l(_printf_fp_dec.o)
    0x080010c0   0x080010c0   0x000002fc   Code   RO         3394    .text               c_w.l(_printf_fp_hex.o)
    0x080013bc   0x080013bc   0x0000002c   Code   RO         3399    .text               c_w.l(_printf_char.o)
    0x080013e8   0x080013e8   0x0000002c   Code   RO         3401    .text               c_w.l(_printf_wchar.o)
    0x08001414   0x08001414   0x00000040   Code   RO         3403    .text               c_w.l(_wcrtomb.o)
    0x08001454   0x08001454   0x0000004a   Code   RO         3405    .text               c_w.l(sys_stackheap_outer.o)
    0x0800149e   0x0800149e   0x00000002   PAD
    0x080014a0   0x080014a0   0x00000010   Code   RO         3407    .text               c_w.l(rt_ctype_table.o)
    0x080014b0   0x080014b0   0x00000008   Code   RO         3412    .text               c_w.l(rt_locale_intlibspace.o)
    0x080014b8   0x080014b8   0x00000080   Code   RO         3414    .text               c_w.l(_printf_fp_infnan.o)
    0x08001538   0x08001538   0x000000e4   Code   RO         3416    .text               c_w.l(bigflt0.o)
    0x0800161c   0x0800161c   0x00000012   Code   RO         3444    .text               c_w.l(exit.o)
    0x0800162e   0x0800162e   0x00000002   PAD
    0x08001630   0x08001630   0x00000008   Code   RO         3461    .text               c_w.l(libspace.o)
    0x08001638   0x08001638   0x00000080   Code   RO         3475    .text               c_w.l(strcmpv7m.o)
    0x080016b8   0x080016b8   0x0000000c   Code   RO         3522    .text               c_w.l(sys_exit.o)
    0x080016c4   0x080016c4   0x00000002   Code   RO         3541    .text               c_w.l(use_no_semi.o)
    0x080016c6   0x080016c6   0x00000000   Code   RO         3543    .text               c_w.l(indicate_semi.o)
    0x080016c6   0x080016c6   0x0000003e   Code   RO         3419    CL$$btod_d2e        c_w.l(btod.o)
    0x08001704   0x08001704   0x00000046   Code   RO         3421    CL$$btod_d2e_denorm_low  c_w.l(btod.o)
    0x0800174a   0x0800174a   0x00000060   Code   RO         3420    CL$$btod_d2e_norm_op1  c_w.l(btod.o)
    0x080017aa   0x080017aa   0x00000338   Code   RO         3429    CL$$btod_div_common  c_w.l(btod.o)
    0x08001ae2   0x08001ae2   0x000000dc   Code   RO         3426    CL$$btod_e2e        c_w.l(btod.o)
    0x08001bbe   0x08001bbe   0x0000002a   Code   RO         3423    CL$$btod_ediv       c_w.l(btod.o)
    0x08001be8   0x08001be8   0x0000002a   Code   RO         3422    CL$$btod_emul       c_w.l(btod.o)
    0x08001c12   0x08001c12   0x00000244   Code   RO         3428    CL$$btod_mult_common  c_w.l(btod.o)
    0x08001e56   0x08001e56   0x00000002   PAD
    0x08001e58   0x08001e58   0x00000020   Code   RO          403    i.Ankle_HasFault    app.o
    0x08001e78   0x08001e78   0x000000c4   Code   RO          404    i.Ankle_HoldCurrent  app.o
    0x08001f3c   0x08001f3c   0x00000074   Code   RO          405    i.Ankle_IdleBeforeFirstEmg  app.o
    0x08001fb0   0x08001fb0   0x000001f8   Code   RO          406    i.Ankle_InitCANPositionMode  app.o
    0x080021a8   0x080021a8   0x000005a4   Code   RO          407    i.App_Main          app.o
    0x0800274c   0x0800274c   0x00000080   Code   RO          408    i.BMI088_AccelReadRegs  app.o
    0x080027cc   0x080027cc   0x0000002c   Code   RO          409    i.BMI088_AccelWriteReg  app.o
    0x080027f8   0x080027f8   0x00000010   Code   RO          410    i.BMI088_DeselectAccel  app.o
    0x08002808   0x08002808   0x00000010   Code   RO          411    i.BMI088_DeselectGyro  app.o
    0x08002818   0x08002818   0x00000080   Code   RO          412    i.BMI088_GyroReadRegs  app.o
    0x08002898   0x08002898   0x0000002c   Code   RO          413    i.BMI088_GyroWriteReg  app.o
    0x080028c4   0x080028c4   0x000000e0   Code   RO          414    i.BMI088_Init       app.o
    0x080029a4   0x080029a4   0x00000010   Code   RO          415    i.BMI088_SelectAccel  app.o
    0x080029b4   0x080029b4   0x00000010   Code   RO          416    i.BMI088_SelectGyro  app.o
    0x080029c4   0x080029c4   0x000000d0   Code   RO          417    i.BMI088_Update     app.o
    0x08002a94   0x08002a94   0x00000002   Code   RO          178    i.BusFault_Handler  stm32f4xx_it.o
    0x08002a96   0x08002a96   0x00000002   PAD
    0x08002a98   0x08002a98   0x0000000c   Code   RO          179    i.CAN1_RX0_IRQHandler  stm32f4xx_it.o
    0x08002aa4   0x08002aa4   0x0000000c   Code   RO          180    i.CAN1_RX1_IRQHandler  stm32f4xx_it.o
    0x08002ab0   0x08002ab0   0x0000000c   Code   RO          181    i.CAN1_SCE_IRQHandler  stm32f4xx_it.o
    0x08002abc   0x08002abc   0x0000000c   Code   RO          182    i.CAN1_TX_IRQHandler  stm32f4xx_it.o
    0x08002ac8   0x08002ac8   0x0000000c   Code   RO          183    i.CAN2_RX0_IRQHandler  stm32f4xx_it.o
    0x08002ad4   0x08002ad4   0x0000000c   Code   RO          184    i.CAN2_RX1_IRQHandler  stm32f4xx_it.o
    0x08002ae0   0x08002ae0   0x0000000c   Code   RO          185    i.CAN2_SCE_IRQHandler  stm32f4xx_it.o
    0x08002aec   0x08002aec   0x0000000c   Code   RO          186    i.CAN2_TX_IRQHandler  stm32f4xx_it.o
    0x08002af8   0x08002af8   0x00000012   Code   RO          708    i.CAN_Config_1Mbps_Timing  can_driver.o
    0x08002b0a   0x08002b0a   0x00000002   Code   RO          187    i.DebugMon_Handler  stm32f4xx_it.o
    0x08002b0c   0x08002b0c   0x00000038   Code   RO          418    i.Debug_Uart3Printf  app.o
    0x08002b44   0x08002b44   0x00000050   Code   RO          419    i.Debug_WriteBufAll  app.o
    0x08002b94   0x08002b94   0x00000154   Code   RO          420    i.Diag_SendAlive    app.o
    0x08002ce8   0x08002ce8   0x00000024   Code   RO         2974    i.HAL_CAN_ActivateNotification  stm32f4xx_hal_can.o
    0x08002d0c   0x08002d0c   0x000000bc   Code   RO         2975    i.HAL_CAN_AddTxMessage  stm32f4xx_hal_can.o
    0x08002dc8   0x08002dc8   0x0000010c   Code   RO         2976    i.HAL_CAN_ConfigFilter  stm32f4xx_hal_can.o
    0x08002ed4   0x08002ed4   0x0000006c   Code   RO          709    i.HAL_CAN_ErrorCallback  can_driver.o
    0x08002f40   0x08002f40   0x00000004   Code   RO         2980    i.HAL_CAN_GetError  stm32f4xx_hal_can.o
    0x08002f44   0x08002f44   0x00000022   Code   RO         2981    i.HAL_CAN_GetRxFifoFillLevel  stm32f4xx_hal_can.o
    0x08002f66   0x08002f66   0x000000f4   Code   RO         2982    i.HAL_CAN_GetRxMessage  stm32f4xx_hal_can.o
    0x0800305a   0x0800305a   0x0000002c   Code   RO         2984    i.HAL_CAN_GetTxMailboxesFreeLevel  stm32f4xx_hal_can.o
    0x08003086   0x08003086   0x000001fc   Code   RO         2986    i.HAL_CAN_IRQHandler  stm32f4xx_hal_can.o
    0x08003282   0x08003282   0x0000011a   Code   RO         2987    i.HAL_CAN_Init      stm32f4xx_hal_can.o
    0x0800339c   0x0800339c   0x00000144   Code   RO          351    i.HAL_CAN_MspInit   can.o
    0x080034e0   0x080034e0   0x00000002   Code   RO         2994    i.HAL_CAN_RxFifo0FullCallback  stm32f4xx_hal_can.o
    0x080034e2   0x080034e2   0x00000004   Code   RO          877    i.HAL_CAN_RxFifo0MsgPendingCallback  getdata.o
    0x080034e6   0x080034e6   0x00000002   Code   RO         2996    i.HAL_CAN_RxFifo1FullCallback  stm32f4xx_hal_can.o
    0x080034e8   0x080034e8   0x00000002   Code   RO         2997    i.HAL_CAN_RxFifo1MsgPendingCallback  stm32f4xx_hal_can.o
    0x080034ea   0x080034ea   0x00000002   Code   RO         2998    i.HAL_CAN_SleepCallback  stm32f4xx_hal_can.o
    0x080034ec   0x080034ec   0x00000058   Code   RO         2999    i.HAL_CAN_Start     stm32f4xx_hal_can.o
    0x08003544   0x08003544   0x00000060   Code   RO         3000    i.HAL_CAN_Stop      stm32f4xx_hal_can.o
    0x080035a4   0x080035a4   0x00000002   Code   RO         3001    i.HAL_CAN_TxMailbox0AbortCallback  stm32f4xx_hal_can.o
    0x080035a6   0x080035a6   0x00000002   Code   RO         3002    i.HAL_CAN_TxMailbox0CompleteCallback  stm32f4xx_hal_can.o
    0x080035a8   0x080035a8   0x00000002   Code   RO         3003    i.HAL_CAN_TxMailbox1AbortCallback  stm32f4xx_hal_can.o
    0x080035aa   0x080035aa   0x00000002   Code   RO         3004    i.HAL_CAN_TxMailbox1CompleteCallback  stm32f4xx_hal_can.o
    0x080035ac   0x080035ac   0x00000002   Code   RO         3005    i.HAL_CAN_TxMailbox2AbortCallback  stm32f4xx_hal_can.o
    0x080035ae   0x080035ae   0x00000002   Code   RO         3006    i.HAL_CAN_TxMailbox2CompleteCallback  stm32f4xx_hal_can.o
    0x080035b0   0x080035b0   0x00000002   Code   RO         3008    i.HAL_CAN_WakeUpFromRxMsgCallback  stm32f4xx_hal_can.o
    0x080035b2   0x080035b2   0x00000002   PAD
    0x080035b4   0x080035b4   0x00000024   Code   RO         2722    i.HAL_Delay         stm32f4xx_hal.o
    0x080035d8   0x080035d8   0x000001f0   Code   RO         2178    i.HAL_GPIO_Init     stm32f4xx_hal_gpio.o
    0x080037c8   0x080037c8   0x0000000a   Code   RO         2180    i.HAL_GPIO_ReadPin  stm32f4xx_hal_gpio.o
    0x080037d2   0x080037d2   0x0000000a   Code   RO         2182    i.HAL_GPIO_WritePin  stm32f4xx_hal_gpio.o
    0x080037dc   0x080037dc   0x0000000c   Code   RO         2728    i.HAL_GetTick       stm32f4xx_hal.o
    0x080037e8   0x080037e8   0x00000010   Code   RO         2734    i.HAL_IncTick       stm32f4xx_hal.o
    0x080037f8   0x080037f8   0x00000034   Code   RO         2735    i.HAL_Init          stm32f4xx_hal.o
    0x0800382c   0x0800382c   0x00000040   Code   RO         2736    i.HAL_InitTick      stm32f4xx_hal.o
    0x0800386c   0x0800386c   0x00000030   Code   RO          302    i.HAL_MspInit       stm32f4xx_hal_msp.o
    0x0800389c   0x0800389c   0x0000001a   Code   RO         2570    i.HAL_NVIC_EnableIRQ  stm32f4xx_hal_cortex.o
    0x080038b6   0x080038b6   0x00000002   PAD
    0x080038b8   0x080038b8   0x00000040   Code   RO         2576    i.HAL_NVIC_SetPriority  stm32f4xx_hal_cortex.o
    0x080038f8   0x080038f8   0x00000024   Code   RO         2577    i.HAL_NVIC_SetPriorityGrouping  stm32f4xx_hal_cortex.o
    0x0800391c   0x0800391c   0x00000134   Code   RO         1824    i.HAL_RCC_ClockConfig  stm32f4xx_hal_rcc.o
    0x08003a50   0x08003a50   0x00000020   Code   RO         1831    i.HAL_RCC_GetPCLK1Freq  stm32f4xx_hal_rcc.o
    0x08003a70   0x08003a70   0x00000020   Code   RO         1832    i.HAL_RCC_GetPCLK2Freq  stm32f4xx_hal_rcc.o
    0x08003a90   0x08003a90   0x00000060   Code   RO         1833    i.HAL_RCC_GetSysClockFreq  stm32f4xx_hal_rcc.o
    0x08003af0   0x08003af0   0x0000036c   Code   RO         1836    i.HAL_RCC_OscConfig  stm32f4xx_hal_rcc.o
    0x08003e5c   0x08003e5c   0x000000bc   Code   RO         1512    i.HAL_SPI_Init      stm32f4xx_hal_spi.o
    0x08003f18   0x08003f18   0x00000068   Code   RO          304    i.HAL_SPI_MspInit   stm32f4xx_hal_msp.o
    0x08003f80   0x08003f80   0x00000166   Code   RO         1520    i.HAL_SPI_Transmit  stm32f4xx_hal_spi.o
    0x080040e6   0x080040e6   0x000001f0   Code   RO         1521    i.HAL_SPI_TransmitReceive  stm32f4xx_hal_spi.o
    0x080042d6   0x080042d6   0x00000028   Code   RO         2581    i.HAL_SYSTICK_Config  stm32f4xx_hal_cortex.o
    0x080042fe   0x080042fe   0x000000f0   Code   RO         1147    i.HAL_UARTEx_ReceiveToIdle  stm32f4xx_hal_uart.o
    0x080043ee   0x080043ee   0x00000064   Code   RO         1168    i.HAL_UART_Init     stm32f4xx_hal_uart.o
    0x08004452   0x08004452   0x00000002   PAD
    0x08004454   0x08004454   0x000000e8   Code   RO          306    i.HAL_UART_MspInit  stm32f4xx_hal_msp.o
    0x0800453c   0x0800453c   0x000000a0   Code   RO         1176    i.HAL_UART_Transmit  stm32f4xx_hal_uart.o
    0x080045dc   0x080045dc   0x00000064   Code   RO          878    i.HandleCAN1MotorFrame  getdata.o
    0x08004640   0x08004640   0x00000058   Code   RO          879    i.HandleMessage     getdata.o
    0x08004698   0x08004698   0x000000a0   Code   RO          880    i.HandleNode127Frame  getdata.o
    0x08004738   0x08004738   0x00000088   Code   RO          188    i.HardFault_Handler  stm32f4xx_it.o
    0x080047c0   0x080047c0   0x00000048   Code   RO          422    i.Joint_HandleResponse  app.o
    0x08004808   0x08004808   0x00000084   Code   RO          423    i.Joint_Init        app.o
    0x0800488c   0x0800488c   0x00000070   Code   RO          424    i.Joint_PrepareHoldLast  app.o
    0x080048fc   0x080048fc   0x0000019c   Code   RO          425    i.Joint_PrepareRunRelative  app.o
    0x08004a98   0x08004a98   0x00000106   Code   RO          426    i.MT6701_CRC6_FromData18  app.o
    0x08004b9e   0x08004b9e   0x00000002   PAD
    0x08004ba0   0x08004ba0   0x00000070   Code   RO          427    i.MT6701_DecodeFrame  app.o
    0x08004c10   0x08004c10   0x00000012   Code   RO          428    i.MT6701_DelayShort  app.o
    0x08004c22   0x08004c22   0x00000002   PAD
    0x08004c24   0x08004c24   0x00000010   Code   RO          429    i.MT6701_Deselect   app.o
    0x08004c34   0x08004c34   0x00000010   Code   RO          430    i.MT6701_SckHigh    app.o
    0x08004c44   0x08004c44   0x00000010   Code   RO          431    i.MT6701_SckLow     app.o
    0x08004c54   0x08004c54   0x00000010   Code   RO          432    i.MT6701_Select     app.o
    0x08004c64   0x08004c64   0x00000114   Code   RO          433    i.MT6701_Update     app.o
    0x08004d78   0x08004d78   0x00000048   Code   RO          352    i.MX_CAN1_Init      can.o
    0x08004dc0   0x08004dc0   0x00000048   Code   RO          353    i.MX_CAN2_Init      can.o
    0x08004e08   0x08004e08   0x000000fc   Code   RO           13    i.MX_GPIO_Init      main.o
    0x08004f04   0x08004f04   0x00000038   Code   RO           14    i.MX_SPI1_Init      main.o
    0x08004f3c   0x08004f3c   0x00000030   Code   RO           15    i.MX_USART1_UART_Init  main.o
    0x08004f6c   0x08004f6c   0x00000028   Code   RO           16    i.MX_USART2_UART_Init  main.o
    0x08004f94   0x08004f94   0x00000028   Code   RO           17    i.MX_USART3_UART_Init  main.o
    0x08004fbc   0x08004fbc   0x00000002   Code   RO          189    i.MemManage_Handler  stm32f4xx_it.o
    0x08004fbe   0x08004fbe   0x00000002   Code   RO          190    i.NMI_Handler       stm32f4xx_it.o
    0x08004fc0   0x08004fc0   0x0000001c   Code   RO          434    i.Node127_DataFresh  app.o
    0x08004fdc   0x08004fdc   0x000000ec   Code   RO          435    i.Node127_EmgUpdate  app.o
    0x080050c8   0x080050c8   0x00000094   Code   RO          436    i.Node127_GetMaxAbsGyroRaw  app.o
    0x0800515c   0x0800515c   0x00000074   Code   RO          437    i.Node127_ResetCalibration  app.o
    0x080051d0   0x080051d0   0x0000011c   Code   RO          438    i.Node127_RunCalibration  app.o
    0x080052ec   0x080052ec   0x00000038   Code   RO          439    i.Node127_SendSyncRequest  app.o
    0x08005324   0x08005324   0x000001e0   Code   RO          440    i.Node127_UpdateMotionControl  app.o
    0x08005504   0x08005504   0x00000002   Code   RO          191    i.PendSV_Handler    stm32f4xx_it.o
    0x08005506   0x08005506   0x00000002   PAD
    0x08005508   0x08005508   0x000000cc   Code   RO          774    i.SERVO_Send_recv   go-m8010-6.o
    0x080055d4   0x080055d4   0x0000006c   Code   RO         1550    i.SPI_EndRxTxTransaction  stm32f4xx_hal_spi.o
    0x08005640   0x08005640   0x000000bc   Code   RO         1555    i.SPI_WaitFlagStateUntilTimeout  stm32f4xx_hal_spi.o
    0x080056fc   0x080056fc   0x00000002   Code   RO          192    i.SVC_Handler       stm32f4xx_it.o
    0x080056fe   0x080056fe   0x00000004   Code   RO          193    i.SysTick_Handler   stm32f4xx_it.o
    0x08005702   0x08005702   0x00000002   PAD
    0x08005704   0x08005704   0x000000d0   Code   RO           18    i.SystemClock_Config  main.o
    0x080057d4   0x080057d4   0x00000078   Code   RO         3207    i.SystemCoreClockUpdate  system_stm32f4xx.o
    0x0800584c   0x0800584c   0x00000010   Code   RO         3208    i.SystemInit        system_stm32f4xx.o
    0x0800585c   0x0800585c   0x0000004e   Code   RO         1191    i.UART_EndRxTransfer  stm32f4xx_hal_uart.o
    0x080058aa   0x080058aa   0x00000002   PAD
    0x080058ac   0x080058ac   0x0000010c   Code   RO         1194    i.UART_SetConfig    stm32f4xx_hal_uart.o
    0x080059b8   0x080059b8   0x00000072   Code   RO         1197    i.UART_WaitOnFlagUntilTimeout  stm32f4xx_hal_uart.o
    0x08005a2a   0x08005a2a   0x00000002   PAD
    0x08005a2c   0x08005a2c   0x00000070   Code   RO          710    i.USER_CAN1_Start   can_driver.o
    0x08005a9c   0x08005a9c   0x00000070   Code   RO          711    i.USER_CAN2_Start   can_driver.o
    0x08005b0c   0x08005b0c   0x0000001c   Code   RO          881    i.USER_CAN_PollRx   getdata.o
    0x08005b28   0x08005b28   0x0000007c   Code   RO          882    i.USER_CAN_ProcessRx  getdata.o
    0x08005ba4   0x08005ba4   0x00000002   Code   RO          194    i.UsageFault_Handler  stm32f4xx_it.o
    0x08005ba6   0x08005ba6   0x00000002   PAD
    0x08005ba8   0x08005ba8   0x00000318   Code   RO          441    i.Vofa_SendFrame    app.o
    0x08005ec0   0x08005ec0   0x00000030   Code   RO         3459    i.__ARM_fpclassify  m_wm.l(fpclassify.o)
    0x08005ef0   0x08005ef0   0x00000020   Code   RO         2583    i.__NVIC_SetPriority  stm32f4xx_hal_cortex.o
    0x08005f10   0x08005f10   0x0000000e   Code   RO         3266    i._is_digit         c_w.l(__printf_wp.o)
    0x08005f1e   0x08005f1e   0x00000002   PAD
    0x08005f20   0x08005f20   0x00000010   Code   RO          442    i.ankle_wave_raw_from_percent  app.o
    0x08005f30   0x08005f30   0x0000005c   Code   RO          443    i.ankle_wave_safe_deg_from_percent  app.o
    0x08005f8c   0x08005f8c   0x00000006   Code   RO          964    i.calculate_can_id  motor.o
    0x08005f92   0x08005f92   0x00000002   PAD
    0x08005f94   0x08005f94   0x00000064   Code   RO          712    i.can1_send_msg     can_driver.o
    0x08005ff8   0x08005ff8   0x000000f8   Code   RO          713    i.can2_send_msg     can_driver.o
    0x080060f0   0x080060f0   0x00000018   Code   RO          965    i.can_clear_errors  motor.o
    0x08006108   0x08006108   0x00000020   Code   RO          966    i.can_set_axis_state  motor.o
    0x08006128   0x08006128   0x0000002a   Code   RO          967    i.can_set_controller_mode  motor.o
    0x08006152   0x08006152   0x00000048   Code   RO          968    i.can_set_input_pos  motor.o
    0x0800619a   0x0800619a   0x0000003a   Code   RO          969    i.can_set_limits    motor.o
    0x080061d4   0x080061d4   0x00000020   Code   RO          970    i.can_set_pos_gain  motor.o
    0x080061f4   0x080061f4   0x0000003a   Code   RO          971    i.can_set_vel_gains  motor.o
    0x0800622e   0x0800622e   0x00000020   Code   RO          444    i.clampf_local      app.o
    0x0800624e   0x0800624e   0x00000002   PAD
    0x08006250   0x08006250   0x00000024   Code   RO          775    i.crc_ccitt         go-m8010-6.o
    0x08006274   0x08006274   0x000000b0   Code   RO          776    i.extract_data      go-m8010-6.o
    0x08006324   0x08006324   0x00000006   Code   RO          973    i.float_to_uint32   motor.o
    0x0800632a   0x0800632a   0x00000002   PAD
    0x0800632c   0x0800632c   0x00000064   Code   RO          445    i.get_curve_target  app.o
    0x08006390   0x08006390   0x00000006   Code   RO          974    i.intToFloat        motor.o
    0x08006396   0x08006396   0x00000002   PAD
    0x08006398   0x08006398   0x000001b4   Code   RO          446    i.interp_array_periodic_hermite  app.o
    0x0800654c   0x0800654c   0x000001a0   Code   RO          447    i.interp_joint_periodic_hermite  app.o
    0x080066ec   0x080066ec   0x0000000a   Code   RO           19    i.main              main.o
    0x080066f6   0x080066f6   0x00000002   PAD
    0x080066f8   0x080066f8   0x000001a8   Code   RO          777    i.modify_data       go-m8010-6.o
    0x080068a0   0x080068a0   0x00000014   Code   RO          977    i.pack_float_le     motor.o
    0x080068b4   0x080068b4   0x00000010   Code   RO          978    i.pack_u32_le       motor.o
    0x080068c4   0x080068c4   0x0000000a   Code   RO          883    i.read_u32_le       getdata.o
    0x080068ce   0x080068ce   0x00000002   PAD
    0x080068d0   0x080068d0   0x00000030   Code   RO          448    i.wrap_phase_pct    app.o
    0x08006900   0x08006900   0x0000002c   Code   RO         3442    locale$$code        c_w.l(lc_numeric_c.o)
    0x0800692c   0x0800692c   0x0000002c   Code   RO         3469    locale$$code        c_w.l(lc_ctype_c.o)
    0x08006958   0x08006958   0x0000000a   Code   RO         3537    x$fpl$fpinit        fz_wm.l(fpinit.o)
    0x08006962   0x08006962   0x00000004   Code   RO         3365    x$fpl$printf1       fz_wm.l(printf1.o)
    0x08006966   0x08006966   0x00000004   Code   RO         3367    x$fpl$printf2       fz_wm.l(printf2.o)
    0x0800696a   0x0800696a   0x00000000   Code   RO         3458    x$fpl$usenofp       fz_wm.l(usenofp.o)
    0x0800696a   0x0800696a   0x00000002   PAD
    0x0800696c   0x0800696c   0x00000030   Data   RO           20    .constdata          main.o
    0x0800699c   0x0800699c   0x00000170   Data   RO          451    .constdata          app.o
    0x08006b0c   0x08006b0c   0x00000200   Data   RO          778    .constdata          go-m8010-6.o
    0x08006d0c   0x08006d0c   0x00000010   Data   RO         3209    .constdata          system_stm32f4xx.o
    0x08006d1c   0x08006d1c   0x00000008   Data   RO         3210    .constdata          system_stm32f4xx.o
    0x08006d24   0x08006d24   0x00000011   Data   RO         3274    .constdata          c_w.l(__printf_flags_ss_wp.o)
    0x08006d35   0x08006d35   0x00000003   PAD
    0x08006d38   0x08006d38   0x00000008   Data   RO         3313    .constdata          c_w.l(_printf_wctomb.o)
    0x08006d40   0x08006d40   0x00000028   Data   RO         3342    .constdata          c_w.l(_printf_hex_int_ll_ptr.o)
    0x08006d68   0x08006d68   0x00000026   Data   RO         3395    .constdata          c_w.l(_printf_fp_hex.o)
    0x08006d8e   0x08006d8e   0x00000002   PAD
    0x08006d90   0x08006d90   0x00000094   Data   RO         3417    .constdata          c_w.l(bigflt0.o)
    0x08006e24   0x08006e24   0x0000018e   Data   RO          452    .conststring        app.o
    0x08006fb2   0x08006fb2   0x00000002   PAD
    0x08006fb4   0x08006fb4   0x00000020   Data   RO         3593    Region$$Table       anon$$obj.o
    0x08006fd4   0x08006fd4   0x0000001c   Data   RO         3441    locale$$data        c_w.l(lc_numeric_c.o)
    0x08006ff0   0x08006ff0   0x00000110   Data   RO         3468    locale$$data        c_w.l(lc_ctype_c.o)


    Execution Region RW_IRAM1 (Exec base: 0x20000000, Load base: 0x08007100, Size: 0x00002d80, Max: 0x0001c000, ABSOLUTE)

    Exec Addr    Load Addr    Size         Type   Attr      Idx    E Section Name        Object

    0x20000000   0x08007100   0x00000004   Data   RW          355    .data               can.o
    0x20000004   0x08007104   0x00000084   Data   RW          453    .data               app.o
    0x20000088   0x08007188   0x00000008   Data   RW          716    .data               can_driver.o
    0x20000090   0x08007190   0x0000002c   Data   RW          885    .data               getdata.o
    0x200000bc   0x080071bc   0x00000001   Data   RW          886    .data               getdata.o
    0x200000bd   0x080071bd   0x00000001   Data   RW          887    .data               getdata.o
    0x200000be   0x080071be   0x00000001   Data   RW          888    .data               getdata.o
    0x200000bf   0x080071bf   0x00000001   PAD
    0x200000c0   0x080071c0   0x00000004   Data   RW          889    .data               getdata.o
    0x200000c4   0x080071c4   0x00000004   Data   RW          890    .data               getdata.o
    0x200000c8   0x080071c8   0x00000004   Data   RW          891    .data               getdata.o
    0x200000cc   0x080071cc   0x00000001   Data   RW          892    .data               getdata.o
    0x200000cd   0x080071cd   0x00000003   PAD
    0x200000d0   0x080071d0   0x00000004   Data   RW          893    .data               getdata.o
    0x200000d4   0x080071d4   0x00000004   Data   RW          894    .data               getdata.o
    0x200000d8   0x080071d8   0x00000004   Data   RW          895    .data               getdata.o
    0x200000dc   0x080071dc   0x00000004   Data   RW          896    .data               getdata.o
    0x200000e0   0x080071e0   0x00000004   Data   RW          897    .data               getdata.o
    0x200000e4   0x080071e4   0x00000004   Data   RW          898    .data               getdata.o
    0x200000e8   0x080071e8   0x00000004   Data   RW          899    .data               getdata.o
    0x200000ec   0x080071ec   0x00000004   Data   RW          900    .data               getdata.o
    0x200000f0   0x080071f0   0x00000004   Data   RW          901    .data               getdata.o
    0x200000f4   0x080071f4   0x00000004   Data   RW          902    .data               getdata.o
    0x200000f8   0x080071f8   0x00000004   Data   RW          903    .data               getdata.o
    0x200000fc   0x080071fc   0x00000004   Data   RW          904    .data               getdata.o
    0x20000100   0x08007200   0x0000000c   Data   RW         2742    .data               stm32f4xx_hal.o
    0x2000010c   0x0800720c   0x00000004   Data   RW         3211    .data               system_stm32f4xx.o
    0x20000110        -       0x00000050   Zero   RW          354    .bss                can.o
    0x20000160        -       0x00000880   Zero   RW          449    .bss                app.o
    0x200009e0        -       0x00000048   Zero   RW          450    .bss                app.o
    0x20000a28        -       0x00000090   Zero   RW          834    .bss                control.o
    0x20000ab8        -       0x00000068   Zero   RW          884    .bss                getdata.o
    0x20000b20        -       0x00000060   Zero   RW         3462    .bss                c_w.l(libspace.o)
    0x20000b80        -       0x00000200   Zero   RW            2    HEAP                startup_stm32f407xx.o
    0x20000d80        -       0x00002000   Zero   RW            1    STACK               startup_stm32f407xx.o


    Execution Region RW_IRAM2 (Exec base: 0x2001c000, Load base: 0x08007210, Size: 0x00000000, Max: 0x00004000, ABSOLUTE)

    **** No section assigned to this execution region ****


==============================================================================

Image component sizes


      Code (inc. data)   RO Data    RW Data    ZI Data      Debug   Object Name

      8348       1038        766        132       2248      51052   app.o
       468         46          0          4         80       2766   can.o
       698        108          0          8          0       5824   can_driver.o
         0          0          0          0        144        628   control.o
       514         52          0        108        104       8273   getdata.o
       840        104        512          0          0       4770   go-m8010-6.o
       654         70         48          0          0     680668   main.o
       372          0          0          0          0       9188   motor.o
        64         26        392          0       8704        904   startup_stm32f407xx.o
       180         28          0         12          0       9881   stm32f4xx_hal.o
      1814          6          0          0          0      18012   stm32f4xx_hal_can.o
       198         14          0          0          0      34175   stm32f4xx_hal_cortex.o
       516         46          0          0          0       3091   stm32f4xx_hal_gpio.o
       384         44          0          0          0       2791   stm32f4xx_hal_msp.o
      1344         72          0          0          0       5612   stm32f4xx_hal_rcc.o
      1338         16          0          0          0       6700   stm32f4xx_hal_spi.o
       960         10          0          0          0       6627   stm32f4xx_hal_uart.o
       250         94          0          0          0       9672   stm32f4xx_it.o
       136         20         24          4          0       2111   system_stm32f4xx.o

    ----------------------------------------------------------------------
     19112       1794       1776        272      11280     862745   Object Totals
         0          0         32          0          0          0   (incl. Generated)
        34          0          2          4          0          0   (incl. Padding)

    ----------------------------------------------------------------------

      Code (inc. data)   RO Data    RW Data    ZI Data      Debug   Library Member Name

        56          6          0          0          0         88   __2snprintf.o
         8          0          0          0          0         68   __main.o
       392          4         17          0          0         92   __printf_flags_ss_wp.o
        14          0          0          0          0         68   __printf_wp.o
         0          0          0          0          0          0   __rtentry.o
        12          0          0          0          0          0   __rtentry2.o
         6          0          0          0          0          0   __rtentry4.o
        52          8          0          0          0          0   __scatter.o
        26          0          0          0          0          0   __scatter_copy.o
        28          0          0          0          0          0   __scatter_zi.o
         6          0          0          0          0          0   _printf_a.o
         6          0          0          0          0          0   _printf_c.o
        44          0          0          0          0        108   _printf_char.o
        48          6          0          0          0         96   _printf_char_common.o
        40          0          0          0          0         68   _printf_charcount.o
         6          0          0          0          0          0   _printf_d.o
       120         16          0          0          0         92   _printf_dec.o
         6          0          0          0          0          0   _printf_e.o
         6          0          0          0          0          0   _printf_f.o
      1054          0          0          0          0        216   _printf_fp_dec.o
       764          8         38          0          0        100   _printf_fp_hex.o
       128         16          0          0          0         84   _printf_fp_infnan.o
         6          0          0          0          0          0   _printf_g.o
       148          4         40          0          0        160   _printf_hex_int_ll_ptr.o
         6          0          0          0          0          0   _printf_i.o
       178          0          0          0          0         88   _printf_intcommon.o
        10          0          0          0          0          0   _printf_l.o
         6          0          0          0          0          0   _printf_lc.o
        10          0          0          0          0          0   _printf_ll.o
         6          0          0          0          0          0   _printf_lld.o
         6          0          0          0          0          0   _printf_lli.o
         6          0          0          0          0          0   _printf_llo.o
         6          0          0          0          0          0   _printf_llu.o
         6          0          0          0          0          0   _printf_llx.o
       124         16          0          0          0         92   _printf_longlong_dec.o
         6          0          0          0          0          0   _printf_ls.o
         6          0          0          0          0          0   _printf_n.o
         6          0          0          0          0          0   _printf_o.o
       112         10          0          0          0        124   _printf_oct_int_ll.o
         6          0          0          0          0          0   _printf_p.o
        78          0          0          0          0        108   _printf_pad.o
         0          0          0          0          0          0   _printf_percent.o
         4          0          0          0          0          0   _printf_percent_end.o
         6          0          0          0          0          0   _printf_s.o
        82          0          0          0          0         80   _printf_str.o
        36          0          0          0          0         84   _printf_truncate.o
         6          0          0          0          0          0   _printf_u.o
        44          0          0          0          0        108   _printf_wchar.o
       188          6          8          0          0         92   _printf_wctomb.o
         6          0          0          0          0          0   _printf_x.o
        16          0          0          0          0         68   _snputc.o
        10          0          0          0          0         68   _sputc.o
        64          0          0          0          0         92   _wcrtomb.o
       228          4        148          0          0         96   bigflt0.o
      1936        128          0          0          0        672   btod.o
        18          0          0          0          0         80   exit.o
         6          0          0          0          0        152   heapauxi.o
         0          0          0          0          0          0   indicate_semi.o
        44         10        272          0          0         76   lc_ctype_c.o
        44         10         28          0          0         76   lc_numeric_c.o
         2          0          0          0          0          0   libinit.o
        34          0          0          0          0          0   libinit2.o
         2          0          0          0          0          0   libshutdown.o
         2          0          0          0          0          0   libshutdown2.o
         8          4          0          0         96         68   libspace.o
       138          0          0          0          0         80   lludiv10.o
       238          0          0          0          0        100   lludivv7m.o
        16          4          0          0          0         76   rt_ctype_table.o
         8          4          0          0          0         68   rt_locale_intlibspace.o
        78          0          0          0          0         80   rt_memclr_w.o
       138          0          0          0          0         68   rt_memcpy_v6.o
       100          0          0          0          0         80   rt_memcpy_w.o
         2          0          0          0          0          0   rtexit.o
        10          0          0          0          0          0   rtexit2.o
       128          0          0          0          0         68   strcmpv7m.o
        62          0          0          0          0         76   strlen.o
        12          4          0          0          0         68   sys_exit.o
        74          0          0          0          0         80   sys_stackheap_outer.o
         2          0          0          0          0         68   use_no_semi.o
        52          4          0          0          0         80   vsnprintf.o
        10          0          0          0          0        116   fpinit.o
         4          0          0          0          0        116   printf1.o
         4          0          0          0          0        116   printf2.o
         0          0          0          0          0          0   usenofp.o
        48          0          0          0          0        124   fpclassify.o

    ----------------------------------------------------------------------
      7484        272        556          0         96       4928   Library Totals
        20          0          5          0          0          0   (incl. Padding)

    ----------------------------------------------------------------------

      Code (inc. data)   RO Data    RW Data    ZI Data      Debug   Library Name

      7398        272        551          0         96       4456   c_w.l
        18          0          0          0          0        348   fz_wm.l
        48          0          0          0          0        124   m_wm.l

    ----------------------------------------------------------------------
      7484        272        556          0         96       4928   Library Totals

    ----------------------------------------------------------------------

==============================================================================


      Code (inc. data)   RO Data    RW Data    ZI Data      Debug   

     26596       2066       2332        272      11376     850129   Grand Totals
     26596       2066       2332        272      11376     850129   ELF Image Totals
     26596       2066       2332        272          0          0   ROM Totals

==============================================================================

    Total RO  Size (Code + RO Data)                28928 (  28.25kB)
    Total RW  Size (RW Data + ZI Data)             11648 (  11.38kB)
    Total ROM Size (Code + RO Data + RW Data)      29200 (  28.52kB)

==============================================================================

